../Src/lcd.c:65:6:LCD_Init	16	static
../Src/lcd.c:86:6:LCD_LoadOnStartup	16	static
../Src/lcd.c:104:6:LCD_ClearScreen	8	static
../Src/lcd.c:121:6:LCD_DisplayTempValue	24	static
../Src/lcd.c:143:6:LCD_DisplayHumiValue	24	static
../Src/lcd.c:165:6:LCD_DisplayLightValue	24	static
../Src/lcd.c:187:6:LCD_DisplayDetectionState	24	static
../Src/lcd.c:211:6:LCD_DisplayLedState	24	static
../Src/lcd.c:259:6:LCD_ScreenHome	24	static
../Src/lcd.c:285:6:LCD_ScreenMenuConfig	16	static
../Src/lcd.c:312:6:LCD_ScreenDistanceValue	16	static
../Src/lcd.c:339:6:LCD_ScreenSensitivityValue	16	static
../Src/lcd.c:366:6:LCD_ScreenLatencyValue	16	static
../Src/lcd.c:393:6:LCD_ScreenLightValue	16	static
../Src/lcd.c:420:6:LCD_ScreenMoveUp	8	static
../Src/lcd.c:455:6:LCD_ScreenMoveDown	8	static
../Src/lcd.c:490:6:LCD_ScreenNextAndSet	8	static
../Src/lcd.c:576:6:LCD_ScreenBack	8	static
../Src/lcd.c:630:6:LCD_ScreenSelectPosition	24	static
../Src/lcd.c:666:6:LCD_ScreenClearSelectPosition	24	static
../Src/lcd.c:702:6:LCD_ScreenSetValue	24	static
../Src/lcd.c:738:6:LCD_ScreenClearSetItem	24	static
../Src/lcd.c:774:6:LCD_ScreenSetDistanceValue	16	static
../Src/lcd.c:797:6:LCD_ScreenSetSensitivityValue	16	static
../Src/lcd.c:820:6:LCD_ScreenSetLatencyValue	16	static
../Src/lcd.c:843:6:LCD_ScreenSetLightValue	16	static
../Src/lcd.c:866:6:LCD_ScreenValueSetMarker	16	static
../Src/lcd.c:914:14:LCD_GetCurrentScreen	4	static
../Src/lcd.c:930:13:LCD_GetCurrentSelected	4	static
../Src/lcd.c:946:9:LCD_GetDistanceValueSelected	4	static
../Src/lcd.c:962:9:LCD_GetSensitivityValueSelected	4	static
../Src/lcd.c:978:9:LCD_GetLatencyValueSelected	4	static
../Src/lcd.c:994:9:LCD_GetLightValueSelected	4	static
../Src/lcd.c:1010:9:LCD_ResetItemSelect	4	static
