../Src/usart.c:62:6:USART6_FifoAndUsartInit	8	static
../Src/usart.c:79:6:USART6_Init	40	static
../Src/usart.c:149:6:USART6Modify_IRQHandler	8	static
../Src/usart.c:172:6:USART6_HandleEventCallback	16	static
../Src/usart.c:188:6:processSerialHandle	16	static
../Src/usart.c:212:9:PollRxBuff	16	static
../Src/usart.c:301:10:USART_GetFrame	4	static
../Src/usart.c:322:6:USART_SendPacket	56	dynamic
../Src/usart.c:375:6:USART_SendCreateNetwork	16	static
../Src/usart.c:396:6:USART_SendDeleteNetwork	16	static
../Src/usart.c:417:6:USART_SendOpenNetwork	16	static
../Src/usart.c:438:6:USART_SendCloseNetwork	16	static
../Src/usart.c:459:6:USART_SendDistanceValue	24	static
../Src/usart.c:480:6:USART_SendSensitivityValue	24	static
../Src/usart.c:501:6:USART_SendLatencyValue	24	static
../Src/usart.c:522:6:USART_SendLightValue	24	static
../Src/usart.c:543:6:USART_SendLedState	24	static
../Src/usart.c:566:6:USART_ReceivedData	16	static
../Src/usart.c:638:6:USART_SendFrame	24	static
