Archive member included to satisfy reference by file (symbol)

D:\1_Studying\1_IoT\1_FUNIX\Libraries_Add\SDK_1.0.3_NUCLEO-F401RE\lib_stm\libLibraries.a(system_stm32f4xx.o)
                              ./Src/main-displaycontrol.o (SystemCoreClockUpdate)
D:\1_Studying\1_IoT\1_FUNIX\Libraries_Add\SDK_1.0.3_NUCLEO-F401RE\lib_stm\libLibraries.a(misc.o)
                              ./Src/usart.o (NVIC_PriorityGroupConfig)
D:\1_Studying\1_IoT\1_FUNIX\Libraries_Add\SDK_1.0.3_NUCLEO-F401RE\lib_stm\libLibraries.a(stm32f401re_gpio.o)
                              ./Src/usart.o (GPIO_Init)
D:\1_Studying\1_IoT\1_FUNIX\Libraries_Add\SDK_1.0.3_NUCLEO-F401RE\lib_stm\libLibraries.a(stm32f401re_rcc.o)
                              ./Src/usart.o (RCC_AHB1PeriphClockCmd)
D:\1_Studying\1_IoT\1_FUNIX\Libraries_Add\SDK_1.0.3_NUCLEO-F401RE\lib_stm\libLibraries.a(stm32f401re_usart.o)
                              ./Src/usart.o (USART_Init)
D:\1_Studying\1_IoT\1_FUNIX\Libraries_Add\SDK_1.0.3_NUCLEO-F401RE\lib_stm\libLibraries.a(button.o)
                              ./Src/main-displaycontrol.o (Button_Init)
D:\1_Studying\1_IoT\1_FUNIX\Libraries_Add\SDK_1.0.3_NUCLEO-F401RE\lib_stm\libLibraries.a(eventbutton.o)
                              ./Src/main-displaycontrol.o (EventButton_Init)
D:\1_Studying\1_IoT\1_FUNIX\Libraries_Add\SDK_1.0.3_NUCLEO-F401RE\lib_stm\libLibraries.a(eventman.o)
                              ./Src/main-displaycontrol.o (EventSchedulerInit)
D:\1_Studying\1_IoT\1_FUNIX\Libraries_Add\SDK_1.0.3_NUCLEO-F401RE\lib_stm\libLibraries.a(timer.o)
                              ./Src/main-displaycontrol.o (TimerInit)
D:\1_Studying\1_IoT\1_FUNIX\Libraries_Add\SDK_1.0.3_NUCLEO-F401RE\lib_stm\libLibraries.a(serial.o)
                              D:\1_Studying\1_IoT\1_FUNIX\Libraries_Add\SDK_1.0.3_NUCLEO-F401RE\lib_stm\libLibraries.a(eventbutton.o) (Serial_SendPacket)
D:\1_Studying\1_IoT\1_FUNIX\Libraries_Add\SDK_1.0.3_NUCLEO-F401RE\lib_stm\libLibraries.a(Ucglib.o)
                              ./Src/lcd.o (Ucglib4WireSWSPI_begin)
D:\1_Studying\1_IoT\1_FUNIX\Libraries_Add\SDK_1.0.3_NUCLEO-F401RE\lib_stm\libLibraries.a(ucg_box.o)
                              ./Src/lcd.o (ucg_ClearScreen)
D:\1_Studying\1_IoT\1_FUNIX\Libraries_Add\SDK_1.0.3_NUCLEO-F401RE\lib_stm\libLibraries.a(ucg_ccs.o)
                              D:\1_Studying\1_IoT\1_FUNIX\Libraries_Add\SDK_1.0.3_NUCLEO-F401RE\lib_stm\libLibraries.a(ucg_box.o) (ucg_ccs_init)
D:\1_Studying\1_IoT\1_FUNIX\Libraries_Add\SDK_1.0.3_NUCLEO-F401RE\lib_stm\libLibraries.a(ucg_circle.o)
                              D:\1_Studying\1_IoT\1_FUNIX\Libraries_Add\SDK_1.0.3_NUCLEO-F401RE\lib_stm\libLibraries.a(ucg_box.o) (ucg_DrawCircle)
D:\1_Studying\1_IoT\1_FUNIX\Libraries_Add\SDK_1.0.3_NUCLEO-F401RE\lib_stm\libLibraries.a(ucg_dev_default_cb.o)
                              D:\1_Studying\1_IoT\1_FUNIX\Libraries_Add\SDK_1.0.3_NUCLEO-F401RE\lib_stm\libLibraries.a(Ucglib.o) (ucg_dev_default_cb)
D:\1_Studying\1_IoT\1_FUNIX\Libraries_Add\SDK_1.0.3_NUCLEO-F401RE\lib_stm\libLibraries.a(ucg_dev_ic_st7735.o)
                              D:\1_Studying\1_IoT\1_FUNIX\Libraries_Add\SDK_1.0.3_NUCLEO-F401RE\lib_stm\libLibraries.a(Ucglib.o) (ucg_ext_st7735_18)
D:\1_Studying\1_IoT\1_FUNIX\Libraries_Add\SDK_1.0.3_NUCLEO-F401RE\lib_stm\libLibraries.a(ucg_dev_msg_api.o)
                              D:\1_Studying\1_IoT\1_FUNIX\Libraries_Add\SDK_1.0.3_NUCLEO-F401RE\lib_stm\libLibraries.a(ucg_box.o) (ucg_SetMaxClipRange)
D:\1_Studying\1_IoT\1_FUNIX\Libraries_Add\SDK_1.0.3_NUCLEO-F401RE\lib_stm\libLibraries.a(ucg_dev_tft_128x128_st7735.o)
                              D:\1_Studying\1_IoT\1_FUNIX\Libraries_Add\SDK_1.0.3_NUCLEO-F401RE\lib_stm\libLibraries.a(Ucglib.o) (ucg_dev_st7735_18x128x128)
D:\1_Studying\1_IoT\1_FUNIX\Libraries_Add\SDK_1.0.3_NUCLEO-F401RE\lib_stm\libLibraries.a(ucg_font.o)
                              D:\1_Studying\1_IoT\1_FUNIX\Libraries_Add\SDK_1.0.3_NUCLEO-F401RE\lib_stm\libLibraries.a(Ucglib.o) (ucg_SetFontMode)
D:\1_Studying\1_IoT\1_FUNIX\Libraries_Add\SDK_1.0.3_NUCLEO-F401RE\lib_stm\libLibraries.a(ucg_init.o)
                              D:\1_Studying\1_IoT\1_FUNIX\Libraries_Add\SDK_1.0.3_NUCLEO-F401RE\lib_stm\libLibraries.a(Ucglib.o) (ucg_Init)
D:\1_Studying\1_IoT\1_FUNIX\Libraries_Add\SDK_1.0.3_NUCLEO-F401RE\lib_stm\libLibraries.a(ucg_line.o)
                              D:\1_Studying\1_IoT\1_FUNIX\Libraries_Add\SDK_1.0.3_NUCLEO-F401RE\lib_stm\libLibraries.a(ucg_font.o) (ucg_Draw90Line)
D:\1_Studying\1_IoT\1_FUNIX\Libraries_Add\SDK_1.0.3_NUCLEO-F401RE\lib_stm\libLibraries.a(ucg_pixel.o)
                              ./Src/lcd.o (ucg_SetColor)
D:\1_Studying\1_IoT\1_FUNIX\Libraries_Add\SDK_1.0.3_NUCLEO-F401RE\lib_stm\libLibraries.a(ucg_pixel_font_data.o)
                              ./Src/lcd.o (ucg_font_ncenR10_hf)
D:\1_Studying\1_IoT\1_FUNIX\Libraries_Add\SDK_1.0.3_NUCLEO-F401RE\lib_stm\libLibraries.a(ucg_rotate.o)
                              ./Src/lcd.o (ucg_SetRotate180)
[...]
Memory Configuration

Name             Origin             Length             Attributes
RAM              0x20000000         0x00018000         xrw
FLASH            0x08000000         0x00080000         xr
*default*        0x00000000         0xffffffff

Linker script and memory map

LOAD C:/ST/STM32CubeIDE_1.13.2/STM32CubeIDE/plugins/com.st.stm32cube.ide.mcu.externaltools.gnu-tools-for-stm32.12.3.rel1.win32_1.0.100.202403111256/tools/bin/../lib/gcc/arm-none-eabi/12.3.1/thumb/v7e-m+fp/hard/crti.o
LOAD C:/ST/STM32CubeIDE_1.13.2/STM32CubeIDE/plugins/com.st.stm32cube.ide.mcu.externaltools.gnu-tools-for-stm32.12.3.rel1.win32_1.0.100.202403111256/tools/bin/../lib/gcc/arm-none-eabi/12.3.1/thumb/v7e-m+fp/hard/crtbegin.o
LOAD C:/ST/STM32CubeIDE_1.13.2/STM32CubeIDE/plugins/com.st.stm32cube.ide.mcu.externaltools.gnu-tools-for-stm32.12.3.rel1.win32_1.0.100.202403111256/tools/bin/../lib/gcc/arm-none-eabi/12.3.1/../../../../arm-none-eabi/lib/thumb/v7e-m+fp/hard/crt0.o
LOAD ./Src/lcd.o
LOAD ./Src/main-displaycontrol.o
LOAD ./Src/syscalls.o
LOAD ./Src/sysmem.o
LOAD ./Src/usart.o
LOAD ./Startup/startup_stm32f401retx.o
LOAD D:\1_Studying\1_IoT\1_FUNIX\Libraries_Add\SDK_1.0.3_NUCLEO-F401RE\lib_stm\libLibraries.a
START GROUP
LOAD C:/ST/STM32CubeIDE_1.13.2/STM32CubeIDE/plugins/com.st.stm32cube.ide.mcu.externaltools.gnu-tools-for-stm32.12.3.rel1.win32_1.0.100.202403111256/tools/bin/../lib/gcc/arm-none-eabi/12.3.1/../../../../arm-none-eabi/lib/thumb/v7e-m+fp/hard\libc_nano.a
LOAD C:/ST/STM32CubeIDE_1.13.2/STM32CubeIDE/plugins/com.st.stm32cube.ide.mcu.externaltools.gnu-tools-for-stm32.12.3.rel1.win32_1.0.100.202403111256/tools/bin/../lib/gcc/arm-none-eabi/12.3.1/../../../../arm-none-eabi/lib/thumb/v7e-m+fp/hard\libm.a
END GROUP
START GROUP
LOAD C:/ST/STM32CubeIDE_1.13.2/STM32CubeIDE/plugins/com.st.stm32cube.ide.mcu.externaltools.gnu-tools-for-stm32.12.3.rel1.win32_1.0.100.202403111256/tools/bin/../lib/gcc/arm-none-eabi/12.3.1/thumb/v7e-m+fp/hard\libgcc.a
LOAD C:/ST/STM32CubeIDE_1.13.2/STM32CubeIDE/plugins/com.st.stm32cube.ide.mcu.externaltools.gnu-tools-for-stm32.12.3.rel1.win32_1.0.100.202403111256/tools/bin/../lib/gcc/arm-none-eabi/12.3.1/../../../../arm-none-eabi/lib/thumb/v7e-m+fp/hard\libc_nano.a
END GROUP
START GROUP
LOAD C:/ST/STM32CubeIDE_1.13.2/STM32CubeIDE/plugins/com.st.stm32cube.ide.mcu.externaltools.gnu-tools-for-stm32.12.3.rel1.win32_1.0.100.202403111256/tools/bin/../lib/gcc/arm-none-eabi/12.3.1/thumb/v7e-m+fp/hard\libgcc.a
LOAD C:/ST/STM32CubeIDE_1.13.2/STM32CubeIDE/plugins/com.st.stm32cube.ide.mcu.externaltools.gnu-tools-for-stm32.12.3.rel1.win32_1.0.100.202403111256/tools/bin/../lib/gcc/arm-none-eabi/12.3.1/../../../../arm-none-eabi/lib/thumb/v7e-m+fp/hard\libc_nano.a
LOAD C:/ST/STM32CubeIDE_1.13.2/STM32CubeIDE/plugins/com.st.stm32cube.ide.mcu.externaltools.gnu-tools-for-stm32.12.3.rel1.win32_1.0.100.202403111256/tools/bin/../lib/gcc/arm-none-eabi/12.3.1/../../../../arm-none-eabi/lib/thumb/v7e-m+fp/hard\libnosys.a
END GROUP
START GROUP
LOAD C:/ST/STM32CubeIDE_1.13.2/STM32CubeIDE/plugins/com.st.stm32cube.ide.mcu.externaltools.gnu-tools-for-stm32.12.3.rel1.win32_1.0.100.202403111256/tools/bin/../lib/gcc/arm-none-eabi/12.3.1/thumb/v7e-m+fp/hard\libgcc.a
LOAD C:/ST/STM32CubeIDE_1.13.2/STM32CubeIDE/plugins/com.st.stm32cube.ide.mcu.externaltools.gnu-tools-for-stm32.12.3.rel1.win32_1.0.100.202403111256/tools/bin/../lib/gcc/arm-none-eabi/12.3.1/../../../../arm-none-eabi/lib/thumb/v7e-m+fp/hard\libc_nano.a
LOAD C:/ST/STM32CubeIDE_1.13.2/STM32CubeIDE/plugins/com.st.stm32cube.ide.mcu.externaltools.gnu-tools-for-stm32.12.3.rel1.win32_1.0.100.202403111256/tools/bin/../lib/gcc/arm-none-eabi/12.3.1/../../../../arm-none-eabi/lib/thumb/v7e-m+fp/hard\libnosys.a
END GROUP
LOAD C:/ST/STM32CubeIDE_1.13.2/STM32CubeIDE/plugins/com.st.stm32cube.ide.mcu.externaltools.gnu-tools-for-stm32.12.3.rel1.win32_1.0.100.202403111256/tools/bin/../lib/gcc/arm-none-eabi/12.3.1/thumb/v7e-m+fp/hard/crtend.o
LOAD C:/ST/STM32CubeIDE_1.13.2/STM32CubeIDE/plugins/com.st.stm32cube.ide.mcu.externaltools.gnu-tools-for-stm32.12.3.rel1.win32_1.0.100.202403111256/tools/bin/../lib/gcc/arm-none-eabi/12.3.1/thumb/v7e-m+fp/hard/crtn.o
                0x20018000                        _estack = (ORIGIN (RAM) + LENGTH (RAM))
                0x00000200                        _Min_Heap_Size = 0x200
                0x00000400                        _Min_Stack_Size = 0x400

.isr_vector     0x08000000      0x194
                0x08000000                        . = ALIGN (0x4)
 *(.isr_vector)
 .isr_vector    0x08000000      0x194 ./Startup/startup_stm32f401retx.o
                0x08000000                g_pfnVectors
                0x08000194                        . = ALIGN (0x4)

.text           0x080001a0     0x609c
                0x080001a0                        . = ALIGN (0x4)
 *(.text)
 .text          0x080001a0       0x40 C:/ST/STM32CubeIDE_1.13.2/STM32CubeIDE/plugins/com.st.stm32cube.ide.mcu.externaltools.gnu-tools-for-stm32.12.3.rel1.win32_1.0.100.202403111256/tools/bin/../lib/gcc/arm-none-eabi/12.3.1/thumb/v7e-m+fp/hard/crtbegin.o
 .text          0x080001e0       0xa0 C:/ST/STM32CubeIDE_1.13.2/STM32CubeIDE/plugins/com.st.stm32cube.ide.mcu.externaltools.gnu-tools-for-stm32.12.3.rel1.win32_1.0.100.202403111256/tools/bin/../lib/gcc/arm-none-eabi/12.3.1/../../../../arm-none-eabi/lib/thumb/v7e-m+fp/hard\libc_nano.a(libc_a-memchr.o)
                0x080001e0                memchr
 *(.text*)
 .text.LCD_Init
                0x08000280       0x50 ./Src/lcd.o
                0x08000280                LCD_Init
 .text.LCD_LoadOnStartup
                0x080002d0       0x4c ./Src/lcd.o
                0x080002d0                LCD_LoadOnStartup
 .text.LCD_ClearScreen
                0x0800031c       0x20 ./Src/lcd.o
                0x0800031c                LCD_ClearScreen
 .text.LCD_DisplayTempValue
                0x0800033c       0x44 ./Src/lcd.o
                0x0800033c                LCD_DisplayTempValue
 .text.LCD_DisplayHumiValue
                0x08000380       0x44 ./Src/lcd.o
                0x08000380                LCD_DisplayHumiValue
 .text.LCD_DisplayLightValue
                0x080003c4       0x44 ./Src/lcd.o
                0x080003c4                LCD_DisplayLightValue
 .text.LCD_DisplayDetectionState
                0x08000408       0x48 ./Src/lcd.o
                0x08000408                LCD_DisplayDetectionState
 .text.LCD_DisplayLedState
                0x08000450       0x48 ./Src/lcd.o
                0x08000450                LCD_DisplayLedState
 .text.LCD_ScreenHome
                0x08000498       0x80 ./Src/lcd.o
                0x08000498                LCD_ScreenHome
 .text.LCD_ScreenMenuConfig
                0x08000518       0xb0 ./Src/lcd.o
                0x08000518                LCD_ScreenMenuConfig
 .text.LCD_ScreenDistanceValue
                0x080005c8       0xb0 ./Src/lcd.o
                0x080005c8                LCD_ScreenDistanceValue
 .text.LCD_ScreenSensitivityValue
                0x08000678       0xb0 ./Src/lcd.o
                0x08000678                LCD_ScreenSensitivityValue
 .text.LCD_ScreenLatencyValue
                0x08000728       0xb0 ./Src/lcd.o
                0x08000728                LCD_ScreenLatencyValue
 .text.LCD_ScreenLightValue
                0x080007d8       0xb0 ./Src/lcd.o
                0x080007d8                LCD_ScreenLightValue
 .text.LCD_ScreenMoveUp
                0x08000888       0x4c ./Src/lcd.o
                0x08000888                LCD_ScreenMoveUp
 .text.LCD_ScreenNextAndSet
                0x080008d4       0xe0 ./Src/lcd.o
                0x080008d4                LCD_ScreenNextAndSet
 .text.LCD_ScreenSelectPosition
                0x080009b4       0x84 ./Src/lcd.o
                0x080009b4                LCD_ScreenSelectPosition
 .text.LCD_ScreenClearSelectPosition
                0x08000a38       0x84 ./Src/lcd.o
                0x08000a38                LCD_ScreenClearSelectPosition
 .text.LCD_ScreenSetValue
                0x08000abc       0x84 ./Src/lcd.o
                0x08000abc                LCD_ScreenSetValue
 .text.LCD_ScreenClearSetItem
                0x08000b40       0x84 ./Src/lcd.o
                0x08000b40                LCD_ScreenClearSetItem
 .text.LCD_ScreenSetDistanceValue
                0x08000bc4       0x34 ./Src/lcd.o
                0x08000bc4                LCD_ScreenSetDistanceValue
 .text.LCD_ScreenSetSensitivityValue
                0x08000bf8       0x34 ./Src/lcd.o
                0x08000bf8                LCD_ScreenSetSensitivityValue
 .text.LCD_ScreenSetLatencyValue
                0x08000c2c       0x34 ./Src/lcd.o
                0x08000c2c                LCD_ScreenSetLatencyValue
 .text.LCD_ScreenSetLightValue
                0x08000c60       0x34 ./Src/lcd.o
                0x08000c60                LCD_ScreenSetLightValue
 .text.LCD_ScreenValueSetMarker
                0x08000c94       0x6c ./Src/lcd.o
                0x08000c94                LCD_ScreenValueSetMarker
 .text.LCD_ResetItemSelect
                0x08000d00       0x1c ./Src/lcd.o
                0x08000d00                LCD_ResetItemSelect
 .text.main     0x08000d1c       0x24 ./Src/main-displaycontrol.o
                0x08000d1c                main
 .text.Main_AppInitManager
                0x08000d40       0x34 ./Src/main-displaycontrol.o
                0x08000d40                Main_AppInitManager
 .text.Main_AppStateManager
                0x08000d74       0x50 ./Src/main-displaycontrol.o
                0x08000d74                Main_AppStateManager
 .text.Main_SetStateApp
                0x08000dc4       0x20 ./Src/main-displaycontrol.o
                0x08000dc4                Main_SetStateApp
 .text.Main_GetStateApp
                0x08000de4       0x18 ./Src/main-displaycontrol.o
                0x08000de4                Main_GetStateApp
 .text.Main_DeviceStateMachine
                0x08000dfc      0x164 ./Src/main-displaycontrol.o
                0x08000dfc                Main_DeviceStateMachine
 .text.Main_Usart2RxHandle
                0x08000f60       0x74 ./Src/main-displaycontrol.o
                0x08000f60                Main_Usart2RxHandle
 .text._read    0x08000fd4       0x3a ./Src/syscalls.o
                0x08000fd4                _read
 .text._write   0x0800100e       0x38 ./Src/syscalls.o
                0x0800100e                _write
 .text._close   0x08001046       0x18 ./Src/syscalls.o
                0x08001046                _close
 .text._fstat   0x0800105e       0x20 ./Src/syscalls.o
                0x0800105e                _fstat
 .text._isatty  0x0800107e       0x16 ./Src/syscalls.o
                0x0800107e                _isatty
 .text._lseek   0x08001094       0x1a ./Src/syscalls.o
                0x08001094                _lseek
 *fill*         0x080010ae        0x2 
 .text._sbrk    0x080010b0       0x6c ./Src/sysmem.o
                0x080010b0                _sbrk
 .text.USART6_FifoAndUsartInit
                0x0800111c       0x24 ./Src/usart.o
                0x0800111c                USART6_FifoAndUsartInit
 .text.USART6_Init
                0x08001140       0xcc ./Src/usart.o
                0x08001140                USART6_Init
 .text.USART6_HandleEventCallback
                0x0800120c       0x20 ./Src/usart.o
                0x0800120c                USART6_HandleEventCallback
 .text.processSerialHandle
                0x0800122c       0x38 ./Src/usart.o
                0x0800122c                processSerialHandle
 .text.PollRxBuff
                0x08001264       0xd4 ./Src/usart.o
                0x08001264                PollRxBuff
 .text.USART_GetFrame
                0x08001338       0x14 ./Src/usart.o
                0x08001338                USART_GetFrame
 .text.USART_SendPacket
                0x0800134c      0x1b4 ./Src/usart.o
                0x0800134c                USART_SendPacket
 .text.USART_SendCreateNetwork
                0x08001500       0x20 ./Src/usart.o
                0x08001500                USART_SendCreateNetwork
 .text.USART_SendDeleteNetwork
                0x08001520       0x20 ./Src/usart.o
                0x08001520                USART_SendDeleteNetwork
 .text.USART_SendOpenNetwork
                0x08001540       0x20 ./Src/usart.o
                0x08001540                USART_SendOpenNetwork
 .text.USART_SendCloseNetwork
                0x08001560       0x20 ./Src/usart.o
                0x08001560                USART_SendCloseNetwork
 .text.USART_SendDistanceValue
                0x08001580       0x28 ./Src/usart.o
                0x08001580                USART_SendDistanceValue
 .text.USART_SendLedState
                0x080015a8       0x2a ./Src/usart.o
                0x080015a8                USART_SendLedState
 *fill*         0x080015d2        0x2 
 .text.USART_ReceivedData
                0x080015d4      0x11c ./Src/usart.o
                0x080015d4                USART_ReceivedData
 .text.Reset_Handler
                0x080016f0       0x50 ./Startup/startup_stm32f401retx.o
                0x080016f0                Reset_Handler
 .text.Default_Handler
                0x08001740        0x2 ./Startup/startup_stm32f401retx.o
                0x08001740                EXTI2_IRQHandler
                0x08001740                DebugMon_Handler
                0x08001740                SPI4_IRQHandler
                0x08001740                TIM1_CC_IRQHandler
                0x08001740                DMA2_Stream5_IRQHandler
                0x08001740                HardFault_Handler
                0x08001740                DMA1_Stream5_IRQHandler
                0x08001740                SDIO_IRQHandler
                0x08001740                TAMP_STAMP_IRQHandler
                0x08001740                PendSV_Handler
                0x08001740                NMI_Handler
                0x08001740                EXTI3_IRQHandler
                0x08001740                TIM1_UP_TIM10_IRQHandler
                0x08001740                I2C3_ER_IRQHandler
                0x08001740                EXTI18_OTG_FS_WKUP_IRQHandler
                0x08001740                EXTI0_IRQHandler
                0x08001740                I2C2_EV_IRQHandler
                0x08001740                DMA1_Stream2_IRQHandler
                0x08001740                UsageFault_Handler
                0x08001740                DMA2_Stream2_IRQHandler
                0x08001740                SPI1_IRQHandler
                0x08001740                TIM1_BRK_TIM9_IRQHandler
                0x08001740                DMA2_Stream3_IRQHandler
                0x08001740                USART6_IRQHandler
                0x08001740                DMA2_Stream0_IRQHandler
                0x08001740                TIM4_IRQHandler
                0x08001740                I2C1_EV_IRQHandler
                0x08001740                DMA1_Stream6_IRQHandler
                0x08001740                DMA1_Stream1_IRQHandler
                0x08001740                TIM3_IRQHandler
                0x08001740                RCC_IRQHandler
                0x08001740                Default_Handler
                0x08001740                EXTI15_10_IRQHandler
                0x08001740                ADC_IRQHandler
                0x08001740                DMA1_Stream7_IRQHandler
                0x08001740                TIM5_IRQHandler
                0x08001740                DMA2_Stream7_IRQHandler
                0x08001740                I2C3_EV_IRQHandler
                0x08001740                EXTI9_5_IRQHandler
                0x08001740                SPI2_IRQHandler
                0x08001740                MemManage_Handler
                0x08001740                DMA1_Stream0_IRQHandler
                0x08001740                SVC_Handler
                0x08001740                EXTI4_IRQHandler
                0x08001740                EXTI22_RTC_WKUP_IRQHandler
                0x08001740                TIM2_IRQHandler
                0x08001740                EXTI16_PVD_IRQHandler
                0x08001740                TIM1_TRG_COM_TIM11_IRQHandler
                0x08001740                EXTI1_IRQHandler
                0x08001740                EXTI17_RTC_Alarm_IRQHandler
                0x08001740                I2C2_ER_IRQHandler
                0x08001740                DMA2_Stream1_IRQHandler
                0x08001740                FLASH_IRQHandler
                0x08001740                DMA2_Stream4_IRQHandler
                0x08001740                BusFault_Handler
                0x08001740                USART1_IRQHandler
                0x08001740                OTG_FS_IRQHandler
                0x08001740                SPI3_IRQHandler
                0x08001740                DMA1_Stream4_IRQHandler
                0x08001740                I2C1_ER_IRQHandler
                0x08001740                DMA2_Stream6_IRQHandler
                0x08001740                DMA1_Stream3_IRQHandler
 *fill*         0x08001742        0x2 
 .text.SystemInit
                0x08001744       0x6c D:\1_Studying\1_IoT\1_FUNIX\Libraries_Add\SDK_1.0.3_NUCLEO-F401RE\lib_stm\libLibraries.a(system_stm32f4xx.o)
                0x08001744                SystemInit
 .text.SystemCoreClockUpdate
                0x080017b0       0xf8 D:\1_Studying\1_IoT\1_FUNIX\Libraries_Add\SDK_1.0.3_NUCLEO-F401RE\lib_stm\libLibraries.a(system_stm32f4xx.o)
                0x080017b0                SystemCoreClockUpdate
 .text.SetSysClock
                0x080018a8       0xa0 D:\1_Studying\1_IoT\1_FUNIX\Libraries_Add\SDK_1.0.3_NUCLEO-F401RE\lib_stm\libLibraries.a(system_stm32f4xx.o)
 .text.NVIC_PriorityGroupConfig
                0x08001948       0x28 D:\1_Studying\1_IoT\1_FUNIX\Libraries_Add\SDK_1.0.3_NUCLEO-F401RE\lib_stm\libLibraries.a(misc.o)
                0x08001948                NVIC_PriorityGroupConfig
 .text.NVIC_Init
                0x08001970       0xc4 D:\1_Studying\1_IoT\1_FUNIX\Libraries_Add\SDK_1.0.3_NUCLEO-F401RE\lib_stm\libLibraries.a(misc.o)
                0x08001970                NVIC_Init
 .text.GPIO_Init
                0x08001a34      0x11c D:\1_Studying\1_IoT\1_FUNIX\Libraries_Add\SDK_1.0.3_NUCLEO-F401RE\lib_stm\libLibraries.a(stm32f401re_gpio.o)
                0x08001a34                GPIO_Init
 .text.GPIO_ReadInputDataBit
                0x08001b50       0x34 D:\1_Studying\1_IoT\1_FUNIX\Libraries_Add\SDK_1.0.3_NUCLEO-F401RE\lib_stm\libLibraries.a(stm32f401re_gpio.o)
                0x08001b50                GPIO_ReadInputDataBit
 .text.GPIO_WriteBit
                0x08001b84       0x30 D:\1_Studying\1_IoT\1_FUNIX\Libraries_Add\SDK_1.0.3_NUCLEO-F401RE\lib_stm\libLibraries.a(stm32f401re_gpio.o)
                0x08001b84                GPIO_WriteBit
 .text.GPIO_PinAFConfig
                0x08001bb4       0x92 D:\1_Studying\1_IoT\1_FUNIX\Libraries_Add\SDK_1.0.3_NUCLEO-F401RE\lib_stm\libLibraries.a(stm32f401re_gpio.o)
                0x08001bb4                GPIO_PinAFConfig
 *fill*         0x08001c46        0x2 
 .text.RCC_GetClocksFreq
                0x08001c48      0x150 D:\1_Studying\1_IoT\1_FUNIX\Libraries_Add\SDK_1.0.3_NUCLEO-F401RE\lib_stm\libLibraries.a(stm32f401re_rcc.o)
                0x08001c48                RCC_GetClocksFreq
 .text.RCC_AHB1PeriphClockCmd
                0x08001d98       0x40 D:\1_Studying\1_IoT\1_FUNIX\Libraries_Add\SDK_1.0.3_NUCLEO-F401RE\lib_stm\libLibraries.a(stm32f401re_rcc.o)
                0x08001d98                RCC_AHB1PeriphClockCmd
 .text.RCC_APB2PeriphClockCmd
                0x08001dd8       0x40 D:\1_Studying\1_IoT\1_FUNIX\Libraries_Add\SDK_1.0.3_NUCLEO-F401RE\lib_stm\libLibraries.a(stm32f401re_rcc.o)
                0x08001dd8                RCC_APB2PeriphClockCmd
 .text.USART_Init
                0x08001e18      0x174 D:\1_Studying\1_IoT\1_FUNIX\Libraries_Add\SDK_1.0.3_NUCLEO-F401RE\lib_stm\libLibraries.a(stm32f401re_usart.o)
                0x08001e18                USART_Init
 .text.USART_Cmd
                0x08001f8c       0x40 D:\1_Studying\1_IoT\1_FUNIX\Libraries_Add\SDK_1.0.3_NUCLEO-F401RE\lib_stm\libLibraries.a(stm32f401re_usart.o)
                0x08001f8c                USART_Cmd
 .text.USART_SendData
                0x08001fcc       0x24 D:\1_Studying\1_IoT\1_FUNIX\Libraries_Add\SDK_1.0.3_NUCLEO-F401RE\lib_stm\libLibraries.a(stm32f401re_usart.o)
                0x08001fcc                USART_SendData
 .text.USART_ReceiveData
                0x08001ff0       0x20 D:\1_Studying\1_IoT\1_FUNIX\Libraries_Add\SDK_1.0.3_NUCLEO-F401RE\lib_stm\libLibraries.a(stm32f401re_usart.o)
                0x08001ff0                USART_ReceiveData
 .text.USART_ITConfig
                0x08002010       0x90 D:\1_Studying\1_IoT\1_FUNIX\Libraries_Add\SDK_1.0.3_NUCLEO-F401RE\lib_stm\libLibraries.a(stm32f401re_usart.o)
                0x08002010                USART_ITConfig
 .text.USART_GetFlagStatus
                0x080020a0       0x38 D:\1_Studying\1_IoT\1_FUNIX\Libraries_Add\SDK_1.0.3_NUCLEO-F401RE\lib_stm\libLibraries.a(stm32f401re_usart.o)
                0x080020a0                USART_GetFlagStatus
 .text.USART_GetITStatus
                0x080020d8       0xb6 D:\1_Studying\1_IoT\1_FUNIX\Libraries_Add\SDK_1.0.3_NUCLEO-F401RE\lib_stm\libLibraries.a(stm32f401re_usart.o)
                0x080020d8                USART_GetITStatus
 .text.USART_ClearITPendingBit
                0x0800218e       0x3a D:\1_Studying\1_IoT\1_FUNIX\Libraries_Add\SDK_1.0.3_NUCLEO-F401RE\lib_stm\libLibraries.a(stm32f401re_usart.o)
                0x0800218e                USART_ClearITPendingBit
 .text.Button_Init
                0x080021c8       0xbc D:\1_Studying\1_IoT\1_FUNIX\Libraries_Add\SDK_1.0.3_NUCLEO-F401RE\lib_stm\libLibraries.a(button.o)
                0x080021c8                Button_Init
 .text.Button_SetMode
                0x08002284       0x3c D:\1_Studying\1_IoT\1_FUNIX\Libraries_Add\SDK_1.0.3_NUCLEO-F401RE\lib_stm\libLibraries.a(button.o)
                0x08002284                Button_SetMode
 .text.Button_RegisterEventCallback
                0x080022c0       0x28 D:\1_Studying\1_IoT\1_FUNIX\Libraries_Add\SDK_1.0.3_NUCLEO-F401RE\lib_stm\libLibraries.a(button.o)
                0x080022c0                Button_RegisterEventCallback
 .text.ButtonScanTypeEdge
                0x080022e8      0x1fc D:\1_Studying\1_IoT\1_FUNIX\Libraries_Add\SDK_1.0.3_NUCLEO-F401RE\lib_stm\libLibraries.a(button.o)
 .text.ButtonScan
                0x080024e4       0x4c D:\1_Studying\1_IoT\1_FUNIX\Libraries_Add\SDK_1.0.3_NUCLEO-F401RE\lib_stm\libLibraries.a(button.o)
 .text.BTNGPIO_Init
                0x08002530       0x6c D:\1_Studying\1_IoT\1_FUNIX\Libraries_Add\SDK_1.0.3_NUCLEO-F401RE\lib_stm\libLibraries.a(button.o)
 .text.EventButton_Init
                0x0800259c       0x6c D:\1_Studying\1_IoT\1_FUNIX\Libraries_Add\SDK_1.0.3_NUCLEO-F401RE\lib_stm\libLibraries.a(eventbutton.o)
                0x0800259c                EventButton_Init
 .text.ButtonProcessEventEdge
                0x08002608       0x34 D:\1_Studying\1_IoT\1_FUNIX\Libraries_Add\SDK_1.0.3_NUCLEO-F401RE\lib_stm\libLibraries.a(eventbutton.o)
 .text.ButtonProcessEventPress
                0x0800263c       0x48 D:\1_Studying\1_IoT\1_FUNIX\Libraries_Add\SDK_1.0.3_NUCLEO-F401RE\lib_stm\libLibraries.a(eventbutton.o)
 .text.ButtonProcessEventHold
                0x08002684       0x5e D:\1_Studying\1_IoT\1_FUNIX\Libraries_Add\SDK_1.0.3_NUCLEO-F401RE\lib_stm\libLibraries.a(eventbutton.o)
 .text.ButtonProcessEventRelease
                0x080026e2       0x5e D:\1_Studying\1_IoT\1_FUNIX\Libraries_Add\SDK_1.0.3_NUCLEO-F401RE\lib_stm\libLibraries.a(eventbutton.o)
 .text.EventSchedulerInit
                0x08002740       0x38 D:\1_Studying\1_IoT\1_FUNIX\Libraries_Add\SDK_1.0.3_NUCLEO-F401RE\lib_stm\libLibraries.a(eventman.o)
                0x08002740                EventSchedulerInit
 .text.EventSchedulerAdd
                0x08002778       0x2c D:\1_Studying\1_IoT\1_FUNIX\Libraries_Add\SDK_1.0.3_NUCLEO-F401RE\lib_stm\libLibraries.a(eventman.o)
                0x08002778                EventSchedulerAdd
 .text.processEventScheduler
                0x080027a4       0x38 D:\1_Studying\1_IoT\1_FUNIX\Libraries_Add\SDK_1.0.3_NUCLEO-F401RE\lib_stm\libLibraries.a(eventman.o)
                0x080027a4                processEventScheduler
 .text.NVIC_SetPriority
                0x080027dc       0x54 D:\1_Studying\1_IoT\1_FUNIX\Libraries_Add\SDK_1.0.3_NUCLEO-F401RE\lib_stm\libLibraries.a(timer.o)
 .text.SysTick_Config
                0x08002830       0x44 D:\1_Studying\1_IoT\1_FUNIX\Libraries_Add\SDK_1.0.3_NUCLEO-F401RE\lib_stm\libLibraries.a(timer.o)
 .text.TimerInit
                0x08002874       0x44 D:\1_Studying\1_IoT\1_FUNIX\Libraries_Add\SDK_1.0.3_NUCLEO-F401RE\lib_stm\libLibraries.a(timer.o)
                0x08002874                TimerInit
 .text.TimerStart
                0x080028b8       0xc4 D:\1_Studying\1_IoT\1_FUNIX\Libraries_Add\SDK_1.0.3_NUCLEO-F401RE\lib_stm\libLibraries.a(timer.o)
                0x080028b8                TimerStart
 .text.TimerStop
                0x0800297c       0xa0 D:\1_Studying\1_IoT\1_FUNIX\Libraries_Add\SDK_1.0.3_NUCLEO-F401RE\lib_stm\libLibraries.a(timer.o)
                0x0800297c                TimerStop
 .text.GetMilSecTick
                0x08002a1c       0x18 D:\1_Studying\1_IoT\1_FUNIX\Libraries_Add\SDK_1.0.3_NUCLEO-F401RE\lib_stm\libLibraries.a(timer.o)
                0x08002a1c                GetMilSecTick
 .text.processTimerScheduler
                0x08002a34       0xf0 D:\1_Studying\1_IoT\1_FUNIX\Libraries_Add\SDK_1.0.3_NUCLEO-F401RE\lib_stm\libLibraries.a(timer.o)
                0x08002a34                processTimerScheduler
 .text.TimeExpired
                0x08002b24       0xcc D:\1_Studying\1_IoT\1_FUNIX\Libraries_Add\SDK_1.0.3_NUCLEO-F401RE\lib_stm\libLibraries.a(timer.o)
 .text.SysTick_Handler
                0x08002bf0       0x1c D:\1_Studying\1_IoT\1_FUNIX\Libraries_Add\SDK_1.0.3_NUCLEO-F401RE\lib_stm\libLibraries.a(timer.o)
                0x08002bf0                SysTick_Handler
 .text.USART2_IRQHandler
                0x08002c0c       0x50 D:\1_Studying\1_IoT\1_FUNIX\Libraries_Add\SDK_1.0.3_NUCLEO-F401RE\lib_stm\libLibraries.a(serial.o)
                0x08002c0c                USART2_IRQHandler
 .text.delayMicroseconds
                0x08002c5c       0x14 D:\1_Studying\1_IoT\1_FUNIX\Libraries_Add\SDK_1.0.3_NUCLEO-F401RE\lib_stm\libLibraries.a(Ucglib.o)
 .text.ucg_gpio_init
                0x08002c70       0x60 D:\1_Studying\1_IoT\1_FUNIX\Libraries_Add\SDK_1.0.3_NUCLEO-F401RE\lib_stm\libLibraries.a(Ucglib.o)
 .text.ucg_com_arduino_send_generic_SW_SPI
                0x08002cd0       0x74 D:\1_Studying\1_IoT\1_FUNIX\Libraries_Add\SDK_1.0.3_NUCLEO-F401RE\lib_stm\libLibraries.a(Ucglib.o)
 .text.ucg_com_arduino_generic_SW_SPI
                0x08002d44      0x1ec D:\1_Studying\1_IoT\1_FUNIX\Libraries_Add\SDK_1.0.3_NUCLEO-F401RE\lib_stm\libLibraries.a(Ucglib.o)
 .text.Ucglib4WireSWSPI_begin
                0x08002f30       0x38 D:\1_Studying\1_IoT\1_FUNIX\Libraries_Add\SDK_1.0.3_NUCLEO-F401RE\lib_stm\libLibraries.a(Ucglib.o)
                0x08002f30                Ucglib4WireSWSPI_begin
 .text.ucg_DrawBox
                0x08002f68       0x56 D:\1_Studying\1_IoT\1_FUNIX\Libraries_Add\SDK_1.0.3_NUCLEO-F401RE\lib_stm\libLibraries.a(ucg_box.o)
                0x08002f68                ucg_DrawBox
 .text.ucg_ClearScreen
                0x08002fbe       0x50 D:\1_Studying\1_IoT\1_FUNIX\Libraries_Add\SDK_1.0.3_NUCLEO-F401RE\lib_stm\libLibraries.a(ucg_box.o)
                0x08002fbe                ucg_ClearScreen
 .text.ucg_ccs_init
                0x0800300e       0xc0 D:\1_Studying\1_IoT\1_FUNIX\Libraries_Add\SDK_1.0.3_NUCLEO-F401RE\lib_stm\libLibraries.a(ucg_ccs.o)
                0x0800300e                ucg_ccs_init
 .text.ucg_ccs_step
                0x080030ce       0x80 D:\1_Studying\1_IoT\1_FUNIX\Libraries_Add\SDK_1.0.3_NUCLEO-F401RE\lib_stm\libLibraries.a(ucg_ccs.o)
                0x080030ce                ucg_ccs_step
 .text.ucg_ccs_seek
                0x0800314e       0xca D:\1_Studying\1_IoT\1_FUNIX\Libraries_Add\SDK_1.0.3_NUCLEO-F401RE\lib_stm\libLibraries.a(ucg_ccs.o)
                0x0800314e                ucg_ccs_seek
 .text.ucg_dev_default_cb
                0x08003218       0x44 D:\1_Studying\1_IoT\1_FUNIX\Libraries_Add\SDK_1.0.3_NUCLEO-F401RE\lib_stm\libLibraries.a(ucg_dev_default_cb.o)
                0x08003218                ucg_dev_default_cb
 .text.ucg_ext_none
                0x0800325c       0x1c D:\1_Studying\1_IoT\1_FUNIX\Libraries_Add\SDK_1.0.3_NUCLEO-F401RE\lib_stm\libLibraries.a(ucg_dev_default_cb.o)
                0x0800325c                ucg_ext_none
 .text.ucg_handle_st7735_l90fx
                0x08003278       0xd8 D:\1_Studying\1_IoT\1_FUNIX\Libraries_Add\SDK_1.0.3_NUCLEO-F401RE\lib_stm\libLibraries.a(ucg_dev_ic_st7735.o)
                0x08003278                ucg_handle_st7735_l90fx
 .text.ucg_handle_st7735_l90se
                0x08003350      0x154 D:\1_Studying\1_IoT\1_FUNIX\Libraries_Add\SDK_1.0.3_NUCLEO-F401RE\lib_stm\libLibraries.a(ucg_dev_ic_st7735.o)
                0x08003350                ucg_handle_st7735_l90se
 .text.ucg_dev_ic_st7735_18
                0x080034a4       0xf8 D:\1_Studying\1_IoT\1_FUNIX\Libraries_Add\SDK_1.0.3_NUCLEO-F401RE\lib_stm\libLibraries.a(ucg_dev_ic_st7735.o)
                0x080034a4                ucg_dev_ic_st7735_18
 .text.ucg_ext_st7735_18
                0x0800359c       0x28 D:\1_Studying\1_IoT\1_FUNIX\Libraries_Add\SDK_1.0.3_NUCLEO-F401RE\lib_stm\libLibraries.a(ucg_dev_ic_st7735.o)
                0x0800359c                ucg_ext_st7735_18
 .text.ucg_PowerDown
                0x080035c4       0x34 D:\1_Studying\1_IoT\1_FUNIX\Libraries_Add\SDK_1.0.3_NUCLEO-F401RE\lib_stm\libLibraries.a(ucg_dev_msg_api.o)
                0x080035c4                ucg_PowerDown
 .text.ucg_PowerUp
                0x080035f8       0x3c D:\1_Studying\1_IoT\1_FUNIX\Libraries_Add\SDK_1.0.3_NUCLEO-F401RE\lib_stm\libLibraries.a(ucg_dev_msg_api.o)
                0x080035f8                ucg_PowerUp
 .text.ucg_SetClipBox
                0x08003634       0x1e D:\1_Studying\1_IoT\1_FUNIX\Libraries_Add\SDK_1.0.3_NUCLEO-F401RE\lib_stm\libLibraries.a(ucg_dev_msg_api.o)
                0x08003634                ucg_SetClipBox
 .text.ucg_SetMaxClipRange
                0x08003652       0x30 D:\1_Studying\1_IoT\1_FUNIX\Libraries_Add\SDK_1.0.3_NUCLEO-F401RE\lib_stm\libLibraries.a(ucg_dev_msg_api.o)
                0x08003652                ucg_SetMaxClipRange
 .text.ucg_GetDimension
                0x08003682       0x24 D:\1_Studying\1_IoT\1_FUNIX\Libraries_Add\SDK_1.0.3_NUCLEO-F401RE\lib_stm\libLibraries.a(ucg_dev_msg_api.o)
                0x08003682                ucg_GetDimension
 .text.ucg_DrawL90FXWithArg
                0x080036a6       0x1e D:\1_Studying\1_IoT\1_FUNIX\Libraries_Add\SDK_1.0.3_NUCLEO-F401RE\lib_stm\libLibraries.a(ucg_dev_msg_api.o)
                0x080036a6                ucg_DrawL90FXWithArg
 .text.ucg_dev_st7735_18x128x128
                0x080036c4       0x80 D:\1_Studying\1_IoT\1_FUNIX\Libraries_Add\SDK_1.0.3_NUCLEO-F401RE\lib_stm\libLibraries.a(ucg_dev_tft_128x128_st7735.o)
                0x080036c4                ucg_dev_st7735_18x128x128
 .text.ucg_font_get_byte
                0x08003744       0x24 D:\1_Studying\1_IoT\1_FUNIX\Libraries_Add\SDK_1.0.3_NUCLEO-F401RE\lib_stm\libLibraries.a(ucg_font.o)
 .text.ucg_font_get_word
                0x08003768       0x40 D:\1_Studying\1_IoT\1_FUNIX\Libraries_Add\SDK_1.0.3_NUCLEO-F401RE\lib_stm\libLibraries.a(ucg_font.o)
 .text.ucg_read_font_info
                0x080037a8      0x142 D:\1_Studying\1_IoT\1_FUNIX\Libraries_Add\SDK_1.0.3_NUCLEO-F401RE\lib_stm\libLibraries.a(ucg_font.o)
                0x080037a8                ucg_read_font_info
 .text.ucg_font_decode_get_unsigned_bits
                0x080038ea       0x96 D:\1_Studying\1_IoT\1_FUNIX\Libraries_Add\SDK_1.0.3_NUCLEO-F401RE\lib_stm\libLibraries.a(ucg_font.o)
                0x080038ea                ucg_font_decode_get_unsigned_bits
 .text.ucg_font_decode_get_signed_bits
                0x08003980       0x46 D:\1_Studying\1_IoT\1_FUNIX\Libraries_Add\SDK_1.0.3_NUCLEO-F401RE\lib_stm\libLibraries.a(ucg_font.o)
                0x08003980                ucg_font_decode_get_signed_bits
 .text.ucg_add_vector_y
                0x080039c6       0x7a D:\1_Studying\1_IoT\1_FUNIX\Libraries_Add\SDK_1.0.3_NUCLEO-F401RE\lib_stm\libLibraries.a(ucg_font.o)
 .text.ucg_add_vector_x
                0x08003a40       0x7a D:\1_Studying\1_IoT\1_FUNIX\Libraries_Add\SDK_1.0.3_NUCLEO-F401RE\lib_stm\libLibraries.a(ucg_font.o)
 .text.ucg_font_decode_len
                0x08003aba      0x118 D:\1_Studying\1_IoT\1_FUNIX\Libraries_Add\SDK_1.0.3_NUCLEO-F401RE\lib_stm\libLibraries.a(ucg_font.o)
                0x08003aba                ucg_font_decode_len
 .text.ucg_font_setup_decode
                0x08003bd2       0x64 D:\1_Studying\1_IoT\1_FUNIX\Libraries_Add\SDK_1.0.3_NUCLEO-F401RE\lib_stm\libLibraries.a(ucg_font.o)
 .text.ucg_font_decode_glyph
                0x08003c36      0x14c D:\1_Studying\1_IoT\1_FUNIX\Libraries_Add\SDK_1.0.3_NUCLEO-F401RE\lib_stm\libLibraries.a(ucg_font.o)
                0x08003c36                ucg_font_decode_glyph
 .text.ucg_font_get_glyph_data
                0x08003d82       0x7a D:\1_Studying\1_IoT\1_FUNIX\Libraries_Add\SDK_1.0.3_NUCLEO-F401RE\lib_stm\libLibraries.a(ucg_font.o)
                0x08003d82                ucg_font_get_glyph_data
 .text.ucg_font_draw_glyph
                0x08003dfc       0x62 D:\1_Studying\1_IoT\1_FUNIX\Libraries_Add\SDK_1.0.3_NUCLEO-F401RE\lib_stm\libLibraries.a(ucg_font.o)
                0x08003dfc                ucg_font_draw_glyph
 .text.ucg_SetFontMode
                0x08003e5e       0x20 D:\1_Studying\1_IoT\1_FUNIX\Libraries_Add\SDK_1.0.3_NUCLEO-F401RE\lib_stm\libLibraries.a(ucg_font.o)
                0x08003e5e                ucg_SetFontMode
 *fill*         0x08003e7e        0x2 
 .text.ucg_DrawGlyph
                0x08003e80       0xb0 D:\1_Studying\1_IoT\1_FUNIX\Libraries_Add\SDK_1.0.3_NUCLEO-F401RE\lib_stm\libLibraries.a(ucg_font.o)
                0x08003e80                ucg_DrawGlyph
 .text.task_drawString
                0x08003f30      0x138 D:\1_Studying\1_IoT\1_FUNIX\Libraries_Add\SDK_1.0.3_NUCLEO-F401RE\lib_stm\libLibraries.a(ucg_font.o)
                0x08003f30                task_drawString
 .text.ucg_DrawString
                0x08004068       0x78 D:\1_Studying\1_IoT\1_FUNIX\Libraries_Add\SDK_1.0.3_NUCLEO-F401RE\lib_stm\libLibraries.a(ucg_font.o)
                0x08004068                ucg_DrawString
 .text.ucg_UpdateRefHeight
                0x080040e0       0xd8 D:\1_Studying\1_IoT\1_FUNIX\Libraries_Add\SDK_1.0.3_NUCLEO-F401RE\lib_stm\libLibraries.a(ucg_font.o)
                0x080040e0                ucg_UpdateRefHeight
 .text.ucg_font_calc_vref_font
                0x080041b8       0x16 D:\1_Studying\1_IoT\1_FUNIX\Libraries_Add\SDK_1.0.3_NUCLEO-F401RE\lib_stm\libLibraries.a(ucg_font.o)
                0x080041b8                ucg_font_calc_vref_font
 *fill*         0x080041ce        0x2 
 .text.ucg_SetFontPosBaseline
                0x080041d0       0x20 D:\1_Studying\1_IoT\1_FUNIX\Libraries_Add\SDK_1.0.3_NUCLEO-F401RE\lib_stm\libLibraries.a(ucg_font.o)
                0x080041d0                ucg_SetFontPosBaseline
 .text.ucg_SetFont
                0x080041f0       0x4c D:\1_Studying\1_IoT\1_FUNIX\Libraries_Add\SDK_1.0.3_NUCLEO-F401RE\lib_stm\libLibraries.a(ucg_font.o)
                0x080041f0                ucg_SetFont
 .text.ucg_init_struct
                0x0800423c       0x50 D:\1_Studying\1_IoT\1_FUNIX\Libraries_Add\SDK_1.0.3_NUCLEO-F401RE\lib_stm\libLibraries.a(ucg_init.o)
                0x0800423c                ucg_init_struct
 .text.ucg_Init
                0x0800428c       0x5c D:\1_Studying\1_IoT\1_FUNIX\Libraries_Add\SDK_1.0.3_NUCLEO-F401RE\lib_stm\libLibraries.a(ucg_init.o)
                0x0800428c                ucg_Init
 .text.ucg_Draw90Line
                0x080042e8       0x88 D:\1_Studying\1_IoT\1_FUNIX\Libraries_Add\SDK_1.0.3_NUCLEO-F401RE\lib_stm\libLibraries.a(ucg_line.o)
                0x080042e8                ucg_Draw90Line
 .text.ucg_DrawHLine
                0x08004370       0x3e D:\1_Studying\1_IoT\1_FUNIX\Libraries_Add\SDK_1.0.3_NUCLEO-F401RE\lib_stm\libLibraries.a(ucg_line.o)
                0x08004370                ucg_DrawHLine
 .text.ucg_SetColor
                0x080043ae       0x5c D:\1_Studying\1_IoT\1_FUNIX\Libraries_Add\SDK_1.0.3_NUCLEO-F401RE\lib_stm\libLibraries.a(ucg_pixel.o)
                0x080043ae                ucg_SetColor
 .text.ucg_UndoRotate
                0x0800440a       0x32 D:\1_Studying\1_IoT\1_FUNIX\Libraries_Add\SDK_1.0.3_NUCLEO-F401RE\lib_stm\libLibraries.a(ucg_rotate.o)
                0x0800440a                ucg_UndoRotate
 .text.ucg_rotate_180_xy
                0x0800443c       0x66 D:\1_Studying\1_IoT\1_FUNIX\Libraries_Add\SDK_1.0.3_NUCLEO-F401RE\lib_stm\libLibraries.a(ucg_rotate.o)
 *fill*         0x080044a2        0x2 
 .text.ucg_dev_rotate180
                0x080044a4      0x100 D:\1_Studying\1_IoT\1_FUNIX\Libraries_Add\SDK_1.0.3_NUCLEO-F401RE\lib_stm\libLibraries.a(ucg_rotate.o)
                0x080044a4                ucg_dev_rotate180
 .text.ucg_SetRotate180
                0x080045a4       0x34 D:\1_Studying\1_IoT\1_FUNIX\Libraries_Add\SDK_1.0.3_NUCLEO-F401RE\lib_stm\libLibraries.a(ucg_rotate.o)
                0x080045a4                ucg_SetRotate180
 .text.bufInit  0x080045d8       0x36 D:\1_Studying\1_IoT\1_FUNIX\Libraries_Add\SDK_1.0.3_NUCLEO-F401RE\lib_stm\libLibraries.a(buff.o)
                0x080045d8                bufInit
 .text.bufNumItems
                0x0800460e       0x18 D:\1_Studying\1_IoT\1_FUNIX\Libraries_Add\SDK_1.0.3_NUCLEO-F401RE\lib_stm\libLibraries.a(buff.o)
                0x0800460e                bufNumItems
 .text.bufIsFull
                0x08004626       0x26 D:\1_Studying\1_IoT\1_FUNIX\Libraries_Add\SDK_1.0.3_NUCLEO-F401RE\lib_stm\libLibraries.a(buff.o)
                0x08004626                bufIsFull
 .text.bufIsEmpty
                0x0800464c       0x26 D:\1_Studying\1_IoT\1_FUNIX\Libraries_Add\SDK_1.0.3_NUCLEO-F401RE\lib_stm\libLibraries.a(buff.o)
                0x0800464c                bufIsEmpty
 .text.bufFlush
                0x08004672       0x32 D:\1_Studying\1_IoT\1_FUNIX\Libraries_Add\SDK_1.0.3_NUCLEO-F401RE\lib_stm\libLibraries.a(buff.o)
                0x08004672                bufFlush
 .text.bufEnDat
                0x080046a4       0x9c D:\1_Studying\1_IoT\1_FUNIX\Libraries_Add\SDK_1.0.3_NUCLEO-F401RE\lib_stm\libLibraries.a(buff.o)
                0x080046a4                bufEnDat
 .text.bufDeDat
                0x08004740       0x84 D:\1_Studying\1_IoT\1_FUNIX\Libraries_Add\SDK_1.0.3_NUCLEO-F401RE\lib_stm\libLibraries.a(buff.o)
                0x08004740                bufDeDat
 .text.memsetl  0x080047c4       0x32 D:\1_Studying\1_IoT\1_FUNIX\Libraries_Add\SDK_1.0.3_NUCLEO-F401RE\lib_stm\libLibraries.a(utilities.o)
                0x080047c4                memsetl
 .text.ucg_clip_is_x_visible
                0x080047f6       0x4a D:\1_Studying\1_IoT\1_FUNIX\Libraries_Add\SDK_1.0.3_NUCLEO-F401RE\lib_stm\libLibraries.a(ucg_clip.o)
 .text.ucg_clip_is_y_visible
                0x08004840       0x4a D:\1_Studying\1_IoT\1_FUNIX\Libraries_Add\SDK_1.0.3_NUCLEO-F401RE\lib_stm\libLibraries.a(ucg_clip.o)
 .text.ucg_clip_intersection
                0x0800488a       0x74 D:\1_Studying\1_IoT\1_FUNIX\Libraries_Add\SDK_1.0.3_NUCLEO-F401RE\lib_stm\libLibraries.a(ucg_clip.o)
 .text.ucg_clip_is_pixel_visible
                0x080048fe       0x32 D:\1_Studying\1_IoT\1_FUNIX\Libraries_Add\SDK_1.0.3_NUCLEO-F401RE\lib_stm\libLibraries.a(ucg_clip.o)
                0x080048fe                ucg_clip_is_pixel_visible
 .text.ucg_clip_l90fx
                0x08004930      0x300 D:\1_Studying\1_IoT\1_FUNIX\Libraries_Add\SDK_1.0.3_NUCLEO-F401RE\lib_stm\libLibraries.a(ucg_clip.o)
                0x08004930                ucg_clip_l90fx
 .text.ucg_clip_l90se
                0x08004c30       0x54 D:\1_Studying\1_IoT\1_FUNIX\Libraries_Add\SDK_1.0.3_NUCLEO-F401RE\lib_stm\libLibraries.a(ucg_clip.o)
                0x08004c30                ucg_clip_l90se
 .text.ucg_com_PowerDown
                0x08004c84       0x3e D:\1_Studying\1_IoT\1_FUNIX\Libraries_Add\SDK_1.0.3_NUCLEO-F401RE\lib_stm\libLibraries.a(ucg_com_msg_api.o)
                0x08004c84                ucg_com_PowerDown
 .text.ucg_com_PowerUp
                0x08004cc2       0x60 D:\1_Studying\1_IoT\1_FUNIX\Libraries_Add\SDK_1.0.3_NUCLEO-F401RE\lib_stm\libLibraries.a(ucg_com_msg_api.o)
                0x08004cc2                ucg_com_PowerUp
 .text.ucg_com_SetLineStatus
                0x08004d22       0xe2 D:\1_Studying\1_IoT\1_FUNIX\Libraries_Add\SDK_1.0.3_NUCLEO-F401RE\lib_stm\libLibraries.a(ucg_com_msg_api.o)
                0x08004d22                ucg_com_SetLineStatus
 .text.ucg_com_SetResetLineStatus
                0x08004e04       0x20 D:\1_Studying\1_IoT\1_FUNIX\Libraries_Add\SDK_1.0.3_NUCLEO-F401RE\lib_stm\libLibraries.a(ucg_com_msg_api.o)
                0x08004e04                ucg_com_SetResetLineStatus
 .text.ucg_com_SetCSLineStatus
                0x08004e24       0x20 D:\1_Studying\1_IoT\1_FUNIX\Libraries_Add\SDK_1.0.3_NUCLEO-F401RE\lib_stm\libLibraries.a(ucg_com_msg_api.o)
                0x08004e24                ucg_com_SetCSLineStatus
 .text.ucg_com_SetCDLineStatus
                0x08004e44       0x20 D:\1_Studying\1_IoT\1_FUNIX\Libraries_Add\SDK_1.0.3_NUCLEO-F401RE\lib_stm\libLibraries.a(ucg_com_msg_api.o)
                0x08004e44                ucg_com_SetCDLineStatus
 .text.ucg_com_DelayMicroseconds
                0x08004e64       0x22 D:\1_Studying\1_IoT\1_FUNIX\Libraries_Add\SDK_1.0.3_NUCLEO-F401RE\lib_stm\libLibraries.a(ucg_com_msg_api.o)
                0x08004e64                ucg_com_DelayMicroseconds
 .text.ucg_com_DelayMilliseconds
                0x08004e86       0x2c D:\1_Studying\1_IoT\1_FUNIX\Libraries_Add\SDK_1.0.3_NUCLEO-F401RE\lib_stm\libLibraries.a(ucg_com_msg_api.o)
                0x08004e86                ucg_com_DelayMilliseconds
 .text.ucg_com_SendByte
                0x08004eb2       0x24 D:\1_Studying\1_IoT\1_FUNIX\Libraries_Add\SDK_1.0.3_NUCLEO-F401RE\lib_stm\libLibraries.a(ucg_com_msg_api.o)
                0x08004eb2                ucg_com_SendByte
 .text.ucg_com_SendStringP
                0x08004ed6       0x40 D:\1_Studying\1_IoT\1_FUNIX\Libraries_Add\SDK_1.0.3_NUCLEO-F401RE\lib_stm\libLibraries.a(ucg_com_msg_api.o)
                0x08004ed6                ucg_com_SendStringP
 .text.ucg_com_SendCmdArg
                0x08004f16       0x74 D:\1_Studying\1_IoT\1_FUNIX\Libraries_Add\SDK_1.0.3_NUCLEO-F401RE\lib_stm\libLibraries.a(ucg_com_msg_api.o)
 *fill*         0x08004f8a        0x2 
 .text.ucg_com_SendCmdSeq
                0x08004f8c      0x278 D:\1_Studying\1_IoT\1_FUNIX\Libraries_Add\SDK_1.0.3_NUCLEO-F401RE\lib_stm\libLibraries.a(ucg_com_msg_api.o)
                0x08004f8c                ucg_com_SendCmdSeq
 .text.std      0x08005204       0x6c C:/ST/STM32CubeIDE_1.13.2/STM32CubeIDE/plugins/com.st.stm32cube.ide.mcu.externaltools.gnu-tools-for-stm32.12.3.rel1.win32_1.0.100.202403111256/tools/bin/../lib/gcc/arm-none-eabi/12.3.1/../../../../arm-none-eabi/lib/thumb/v7e-m+fp/hard\libc_nano.a(libc_a-findfp.o)
 .text.stdio_exit_handler
                0x08005270       0x18 C:/ST/STM32CubeIDE_1.13.2/STM32CubeIDE/plugins/com.st.stm32cube.ide.mcu.externaltools.gnu-tools-for-stm32.12.3.rel1.win32_1.0.100.202403111256/tools/bin/../lib/gcc/arm-none-eabi/12.3.1/../../../../arm-none-eabi/lib/thumb/v7e-m+fp/hard\libc_nano.a(libc_a-findfp.o)
 .text.cleanup_stdio
                0x08005288       0x40 C:/ST/STM32CubeIDE_1.13.2/STM32CubeIDE/plugins/com.st.stm32cube.ide.mcu.externaltools.gnu-tools-for-stm32.12.3.rel1.win32_1.0.100.202403111256/tools/bin/../lib/gcc/arm-none-eabi/12.3.1/../../../../arm-none-eabi/lib/thumb/v7e-m+fp/hard\libc_nano.a(libc_a-findfp.o)
 .text.global_stdio_init.part.0
                0x080052c8       0x3c C:/ST/STM32CubeIDE_1.13.2/STM32CubeIDE/plugins/com.st.stm32cube.ide.mcu.externaltools.gnu-tools-for-stm32.12.3.rel1.win32_1.0.100.202403111256/tools/bin/../lib/gcc/arm-none-eabi/12.3.1/../../../../arm-none-eabi/lib/thumb/v7e-m+fp/hard\libc_nano.a(libc_a-findfp.o)
 .text.__sfp_lock_acquire
                0x08005304        0xc C:/ST/STM32CubeIDE_1.13.2/STM32CubeIDE/plugins/com.st.stm32cube.ide.mcu.externaltools.gnu-tools-for-stm32.12.3.rel1.win32_1.0.100.202403111256/tools/bin/../lib/gcc/arm-none-eabi/12.3.1/../../../../arm-none-eabi/lib/thumb/v7e-m+fp/hard\libc_nano.a(libc_a-findfp.o)
                0x08005304                __sfp_lock_acquire
 .text.__sfp_lock_release
                0x08005310        0xc C:/ST/STM32CubeIDE_1.13.2/STM32CubeIDE/plugins/com.st.stm32cube.ide.mcu.externaltools.gnu-tools-for-stm32.12.3.rel1.win32_1.0.100.202403111256/tools/bin/../lib/gcc/arm-none-eabi/12.3.1/../../../../arm-none-eabi/lib/thumb/v7e-m+fp/hard\libc_nano.a(libc_a-findfp.o)
                0x08005310                __sfp_lock_release
 .text.__sinit  0x0800531c       0x30 C:/ST/STM32CubeIDE_1.13.2/STM32CubeIDE/plugins/com.st.stm32cube.ide.mcu.externaltools.gnu-tools-for-stm32.12.3.rel1.win32_1.0.100.202403111256/tools/bin/../lib/gcc/arm-none-eabi/12.3.1/../../../../arm-none-eabi/lib/thumb/v7e-m+fp/hard\libc_nano.a(libc_a-findfp.o)
                0x0800531c                __sinit
 .text._fwalk_sglue
                0x0800534c       0x3c C:/ST/STM32CubeIDE_1.13.2/STM32CubeIDE/plugins/com.st.stm32cube.ide.mcu.externaltools.gnu-tools-for-stm32.12.3.rel1.win32_1.0.100.202403111256/tools/bin/../lib/gcc/arm-none-eabi/12.3.1/../../../../arm-none-eabi/lib/thumb/v7e-m+fp/hard\libc_nano.a(libc_a-fwalk.o)
                0x0800534c                _fwalk_sglue
 .text._puts_r  0x08005388       0xaa C:/ST/STM32CubeIDE_1.13.2/STM32CubeIDE/plugins/com.st.stm32cube.ide.mcu.externaltools.gnu-tools-for-stm32.12.3.rel1.win32_1.0.100.202403111256/tools/bin/../lib/gcc/arm-none-eabi/12.3.1/../../../../arm-none-eabi/lib/thumb/v7e-m+fp/hard\libc_nano.a(libc_a-puts.o)
                0x08005388                _puts_r
 *fill*         0x08005432        0x2 
 .text.puts     0x08005434       0x10 C:/ST/STM32CubeIDE_1.13.2/STM32CubeIDE/plugins/com.st.stm32cube.ide.mcu.externaltools.gnu-tools-for-stm32.12.3.rel1.win32_1.0.100.202403111256/tools/bin/../lib/gcc/arm-none-eabi/12.3.1/../../../../arm-none-eabi/lib/thumb/v7e-m+fp/hard\libc_nano.a(libc_a-puts.o)
                0x08005434                puts
 .text.sprintf  0x08005444       0x40 C:/ST/STM32CubeIDE_1.13.2/STM32CubeIDE/plugins/com.st.stm32cube.ide.mcu.externaltools.gnu-tools-for-stm32.12.3.rel1.win32_1.0.100.202403111256/tools/bin/../lib/gcc/arm-none-eabi/12.3.1/../../../../arm-none-eabi/lib/thumb/v7e-m+fp/hard\libc_nano.a(libc_a-sprintf.o)
                0x08005444                siprintf
                0x08005444                sprintf
 .text.__sread  0x08005484       0x22 C:/ST/STM32CubeIDE_1.13.2/STM32CubeIDE/plugins/com.st.stm32cube.ide.mcu.externaltools.gnu-tools-for-stm32.12.3.rel1.win32_1.0.100.202403111256/tools/bin/../lib/gcc/arm-none-eabi/12.3.1/../../../../arm-none-eabi/lib/thumb/v7e-m+fp/hard\libc_nano.a(libc_a-stdio.o)
                0x08005484                __sread
 .text.__swrite
                0x080054a6       0x38 C:/ST/STM32CubeIDE_1.13.2/STM32CubeIDE/plugins/com.st.stm32cube.ide.mcu.externaltools.gnu-tools-for-stm32.12.3.rel1.win32_1.0.100.202403111256/tools/bin/../lib/gcc/arm-none-eabi/12.3.1/../../../../arm-none-eabi/lib/thumb/v7e-m+fp/hard\libc_nano.a(libc_a-stdio.o)
                0x080054a6                __swrite
 .text.__sseek  0x080054de       0x24 C:/ST/STM32CubeIDE_1.13.2/STM32CubeIDE/plugins/com.st.stm32cube.ide.mcu.externaltools.gnu-tools-for-stm32.12.3.rel1.win32_1.0.100.202403111256/tools/bin/../lib/gcc/arm-none-eabi/12.3.1/../../../../arm-none-eabi/lib/thumb/v7e-m+fp/hard\libc_nano.a(libc_a-stdio.o)
                0x080054de                __sseek
 .text.__sclose
                0x08005502        0x8 C:/ST/STM32CubeIDE_1.13.2/STM32CubeIDE/plugins/com.st.stm32cube.ide.mcu.externaltools.gnu-tools-for-stm32.12.3.rel1.win32_1.0.100.202403111256/tools/bin/../lib/gcc/arm-none-eabi/12.3.1/../../../../arm-none-eabi/lib/thumb/v7e-m+fp/hard\libc_nano.a(libc_a-stdio.o)
                0x08005502                __sclose
 .text.__swbuf_r
                0x0800550a       0x7c C:/ST/STM32CubeIDE_1.13.2/STM32CubeIDE/plugins/com.st.stm32cube.ide.mcu.externaltools.gnu-tools-for-stm32.12.3.rel1.win32_1.0.100.202403111256/tools/bin/../lib/gcc/arm-none-eabi/12.3.1/../../../../arm-none-eabi/lib/thumb/v7e-m+fp/hard\libc_nano.a(libc_a-wbuf.o)
                0x0800550a                __swbuf_r
 *fill*         0x08005586        0x2 
 .text.__swsetup_r
                0x08005588       0xac C:/ST/STM32CubeIDE_1.13.2/STM32CubeIDE/plugins/com.st.stm32cube.ide.mcu.externaltools.gnu-tools-for-stm32.12.3.rel1.win32_1.0.100.202403111256/tools/bin/../lib/gcc/arm-none-eabi/12.3.1/../../../../arm-none-eabi/lib/thumb/v7e-m+fp/hard\libc_nano.a(libc_a-wsetup.o)
                0x08005588                __swsetup_r
 .text.memset   0x08005634       0x10 C:/ST/STM32CubeIDE_1.13.2/STM32CubeIDE/plugins/com.st.stm32cube.ide.mcu.externaltools.gnu-tools-for-stm32.12.3.rel1.win32_1.0.100.202403111256/tools/bin/../lib/gcc/arm-none-eabi/12.3.1/../../../../arm-none-eabi/lib/thumb/v7e-m+fp/hard\libc_nano.a(libc_a-memset.o)
                0x08005634                memset
 .text._close_r
                0x08005644       0x20 C:/ST/STM32CubeIDE_1.13.2/STM32CubeIDE/plugins/com.st.stm32cube.ide.mcu.externaltools.gnu-tools-for-stm32.12.3.rel1.win32_1.0.100.202403111256/tools/bin/../lib/gcc/arm-none-eabi/12.3.1/../../../../arm-none-eabi/lib/thumb/v7e-m+fp/hard\libc_nano.a(libc_a-closer.o)
                0x08005644                _close_r
 .text._lseek_r
                0x08005664       0x24 C:/ST/STM32CubeIDE_1.13.2/STM32CubeIDE/plugins/com.st.stm32cube.ide.mcu.externaltools.gnu-tools-for-stm32.12.3.rel1.win32_1.0.100.202403111256/tools/bin/../lib/gcc/arm-none-eabi/12.3.1/../../../../arm-none-eabi/lib/thumb/v7e-m+fp/hard\libc_nano.a(libc_a-lseekr.o)
                0x08005664                _lseek_r
 .text._read_r  0x08005688       0x24 C:/ST/STM32CubeIDE_1.13.2/STM32CubeIDE/plugins/com.st.stm32cube.ide.mcu.externaltools.gnu-tools-for-stm32.12.3.rel1.win32_1.0.100.202403111256/tools/bin/../lib/gcc/arm-none-eabi/12.3.1/../../../../arm-none-eabi/lib/thumb/v7e-m+fp/hard\libc_nano.a(libc_a-readr.o)
                0x08005688                _read_r
 .text._write_r
                0x080056ac       0x24 C:/ST/STM32CubeIDE_1.13.2/STM32CubeIDE/plugins/com.st.stm32cube.ide.mcu.externaltools.gnu-tools-for-stm32.12.3.rel1.win32_1.0.100.202403111256/tools/bin/../lib/gcc/arm-none-eabi/12.3.1/../../../../arm-none-eabi/lib/thumb/v7e-m+fp/hard\libc_nano.a(libc_a-writer.o)
                0x080056ac                _write_r
 .text.__errno  0x080056d0        0xc C:/ST/STM32CubeIDE_1.13.2/STM32CubeIDE/plugins/com.st.stm32cube.ide.mcu.externaltools.gnu-tools-for-stm32.12.3.rel1.win32_1.0.100.202403111256/tools/bin/../lib/gcc/arm-none-eabi/12.3.1/../../../../arm-none-eabi/lib/thumb/v7e-m+fp/hard\libc_nano.a(libc_a-errno.o)
                0x080056d0                __errno
 .text.__libc_init_array
                0x080056dc       0x48 C:/ST/STM32CubeIDE_1.13.2/STM32CubeIDE/plugins/com.st.stm32cube.ide.mcu.externaltools.gnu-tools-for-stm32.12.3.rel1.win32_1.0.100.202403111256/tools/bin/../lib/gcc/arm-none-eabi/12.3.1/../../../../arm-none-eabi/lib/thumb/v7e-m+fp/hard\libc_nano.a(libc_a-init.o)
                0x080056dc                __libc_init_array
 .text.__retarget_lock_init_recursive
                0x08005724        0x2 C:/ST/STM32CubeIDE_1.13.2/STM32CubeIDE/plugins/com.st.stm32cube.ide.mcu.externaltools.gnu-tools-for-stm32.12.3.rel1.win32_1.0.100.202403111256/tools/bin/../lib/gcc/arm-none-eabi/12.3.1/../../../../arm-none-eabi/lib/thumb/v7e-m+fp/hard\libc_nano.a(libc_a-lock.o)
                0x08005724                __retarget_lock_init_recursive
 .text.__retarget_lock_acquire_recursive
                0x08005726        0x2 C:/ST/STM32CubeIDE_1.13.2/STM32CubeIDE/plugins/com.st.stm32cube.ide.mcu.externaltools.gnu-tools-for-stm32.12.3.rel1.win32_1.0.100.202403111256/tools/bin/../lib/gcc/arm-none-eabi/12.3.1/../../../../arm-none-eabi/lib/thumb/v7e-m+fp/hard\libc_nano.a(libc_a-lock.o)
                0x08005726                __retarget_lock_acquire_recursive
 .text.__retarget_lock_release_recursive
                0x08005728        0x2 C:/ST/STM32CubeIDE_1.13.2/STM32CubeIDE/plugins/com.st.stm32cube.ide.mcu.externaltools.gnu-tools-for-stm32.12.3.rel1.win32_1.0.100.202403111256/tools/bin/../lib/gcc/arm-none-eabi/12.3.1/../../../../arm-none-eabi/lib/thumb/v7e-m+fp/hard\libc_nano.a(libc_a-lock.o)
                0x08005728                __retarget_lock_release_recursive
 *fill*         0x0800572a        0x2 
 .text._free_r  0x0800572c       0x94 C:/ST/STM32CubeIDE_1.13.2/STM32CubeIDE/plugins/com.st.stm32cube.ide.mcu.externaltools.gnu-tools-for-stm32.12.3.rel1.win32_1.0.100.202403111256/tools/bin/../lib/gcc/arm-none-eabi/12.3.1/../../../../arm-none-eabi/lib/thumb/v7e-m+fp/hard\libc_nano.a(libc_a-freer.o)
                0x0800572c                _free_r
 .text.sbrk_aligned
                0x080057c0       0x44 C:/ST/STM32CubeIDE_1.13.2/STM32CubeIDE/plugins/com.st.stm32cube.ide.mcu.externaltools.gnu-tools-for-stm32.12.3.rel1.win32_1.0.100.202403111256/tools/bin/../lib/gcc/arm-none-eabi/12.3.1/../../../../arm-none-eabi/lib/thumb/v7e-m+fp/hard\libc_nano.a(libc_a-mallocr.o)
 .text._malloc_r
                0x08005804      0x100 C:/ST/STM32CubeIDE_1.13.2/STM32CubeIDE/plugins/com.st.stm32cube.ide.mcu.externaltools.gnu-tools-for-stm32.12.3.rel1.win32_1.0.100.202403111256/tools/bin/../lib/gcc/arm-none-eabi/12.3.1/../../../../arm-none-eabi/lib/thumb/v7e-m+fp/hard\libc_nano.a(libc_a-mallocr.o)
                0x08005804                _malloc_r
 .text.__malloc_lock
                0x08005904        0xc C:/ST/STM32CubeIDE_1.13.2/STM32CubeIDE/plugins/com.st.stm32cube.ide.mcu.externaltools.gnu-tools-for-stm32.12.3.rel1.win32_1.0.100.202403111256/tools/bin/../lib/gcc/arm-none-eabi/12.3.1/../../../../arm-none-eabi/lib/thumb/v7e-m+fp/hard\libc_nano.a(libc_a-mlock.o)
                0x08005904                __malloc_lock
 .text.__malloc_unlock
                0x08005910        0xc C:/ST/STM32CubeIDE_1.13.2/STM32CubeIDE/plugins/com.st.stm32cube.ide.mcu.externaltools.gnu-tools-for-stm32.12.3.rel1.win32_1.0.100.202403111256/tools/bin/../lib/gcc/arm-none-eabi/12.3.1/../../../../arm-none-eabi/lib/thumb/v7e-m+fp/hard\libc_nano.a(libc_a-mlock.o)
                0x08005910                __malloc_unlock
 .text.__ssputs_r
                0x0800591c       0xb6 C:/ST/STM32CubeIDE_1.13.2/STM32CubeIDE/plugins/com.st.stm32cube.ide.mcu.externaltools.gnu-tools-for-stm32.12.3.rel1.win32_1.0.100.202403111256/tools/bin/../lib/gcc/arm-none-eabi/12.3.1/../../../../arm-none-eabi/lib/thumb/v7e-m+fp/hard\libc_nano.a(libc_a-nano-svfprintf.o)
                0x0800591c                __ssputs_r
 *fill*         0x080059d2        0x2 
 .text._svfprintf_r
                0x080059d4      0x1f8 C:/ST/STM32CubeIDE_1.13.2/STM32CubeIDE/plugins/com.st.stm32cube.ide.mcu.externaltools.gnu-tools-for-stm32.12.3.rel1.win32_1.0.100.202403111256/tools/bin/../lib/gcc/arm-none-eabi/12.3.1/../../../../arm-none-eabi/lib/thumb/v7e-m+fp/hard\libc_nano.a(libc_a-nano-svfprintf.o)
                0x080059d4                _svfiprintf_r
                0x080059d4                _svfprintf_r
 .text._printf_common
                0x08005bcc       0xda C:/ST/STM32CubeIDE_1.13.2/STM32CubeIDE/plugins/com.st.stm32cube.ide.mcu.externaltools.gnu-tools-for-stm32.12.3.rel1.win32_1.0.100.202403111256/tools/bin/../lib/gcc/arm-none-eabi/12.3.1/../../../../arm-none-eabi/lib/thumb/v7e-m+fp/hard\libc_nano.a(libc_a-nano-vfprintf_i.o)
                0x08005bcc                _printf_common
 *fill*         0x08005ca6        0x2 
 .text._printf_i
                0x08005ca8      0x240 C:/ST/STM32CubeIDE_1.13.2/STM32CubeIDE/plugins/com.st.stm32cube.ide.mcu.externaltools.gnu-tools-for-stm32.12.3.rel1.win32_1.0.100.202403111256/tools/bin/../lib/gcc/arm-none-eabi/12.3.1/../../../../arm-none-eabi/lib/thumb/v7e-m+fp/hard\libc_nano.a(libc_a-nano-vfprintf_i.o)
                0x08005ca8                _printf_i
 .text.__sflush_r
                0x08005ee8      0x108 C:/ST/STM32CubeIDE_1.13.2/STM32CubeIDE/plugins/com.st.stm32cube.ide.mcu.externaltools.gnu-tools-for-stm32.12.3.rel1.win32_1.0.100.202403111256/tools/bin/../lib/gcc/arm-none-eabi/12.3.1/../../../../arm-none-eabi/lib/thumb/v7e-m+fp/hard\libc_nano.a(libc_a-fflush.o)
                0x08005ee8                __sflush_r
 .text._fflush_r
                0x08005ff0       0x50 C:/ST/STM32CubeIDE_1.13.2/STM32CubeIDE/plugins/com.st.stm32cube.ide.mcu.externaltools.gnu-tools-for-stm32.12.3.rel1.win32_1.0.100.202403111256/tools/bin/../lib/gcc/arm-none-eabi/12.3.1/../../../../arm-none-eabi/lib/thumb/v7e-m+fp/hard\libc_nano.a(libc_a-fflush.o)
                0x08005ff0                _fflush_r
 .text.__swhatbuf_r
                0x08006040       0x4c C:/ST/STM32CubeIDE_1.13.2/STM32CubeIDE/plugins/com.st.stm32cube.ide.mcu.externaltools.gnu-tools-for-stm32.12.3.rel1.win32_1.0.100.202403111256/tools/bin/../lib/gcc/arm-none-eabi/12.3.1/../../../../arm-none-eabi/lib/thumb/v7e-m+fp/hard\libc_nano.a(libc_a-makebuf.o)
                0x08006040                __swhatbuf_r
 .text.__smakebuf_r
                0x0800608c       0x78 C:/ST/STM32CubeIDE_1.13.2/STM32CubeIDE/plugins/com.st.stm32cube.ide.mcu.externaltools.gnu-tools-for-stm32.12.3.rel1.win32_1.0.100.202403111256/tools/bin/../lib/gcc/arm-none-eabi/12.3.1/../../../../arm-none-eabi/lib/thumb/v7e-m+fp/hard\libc_nano.a(libc_a-makebuf.o)
                0x0800608c                __smakebuf_r
 .text.memmove  0x08006104       0x34 C:/ST/STM32CubeIDE_1.13.2/STM32CubeIDE/plugins/com.st.stm32cube.ide.mcu.externaltools.gnu-tools-for-stm32.12.3.rel1.win32_1.0.100.202403111256/tools/bin/../lib/gcc/arm-none-eabi/12.3.1/../../../../arm-none-eabi/lib/thumb/v7e-m+fp/hard\libc_nano.a(libc_a-memmove.o)
                0x08006104                memmove
 .text._fstat_r
                0x08006138       0x24 C:/ST/STM32CubeIDE_1.13.2/STM32CubeIDE/plugins/com.st.stm32cube.ide.mcu.externaltools.gnu-tools-for-stm32.12.3.rel1.win32_1.0.100.202403111256/tools/bin/../lib/gcc/arm-none-eabi/12.3.1/../../../../arm-none-eabi/lib/thumb/v7e-m+fp/hard\libc_nano.a(libc_a-fstatr.o)
                0x08006138                _fstat_r
 .text._isatty_r
                0x0800615c       0x20 C:/ST/STM32CubeIDE_1.13.2/STM32CubeIDE/plugins/com.st.stm32cube.ide.mcu.externaltools.gnu-tools-for-stm32.12.3.rel1.win32_1.0.100.202403111256/tools/bin/../lib/gcc/arm-none-eabi/12.3.1/../../../../arm-none-eabi/lib/thumb/v7e-m+fp/hard\libc_nano.a(libc_a-isattyr.o)
                0x0800615c                _isatty_r
 .text._sbrk_r  0x0800617c       0x20 C:/ST/STM32CubeIDE_1.13.2/STM32CubeIDE/plugins/com.st.stm32cube.ide.mcu.externaltools.gnu-tools-for-stm32.12.3.rel1.win32_1.0.100.202403111256/tools/bin/../lib/gcc/arm-none-eabi/12.3.1/../../../../arm-none-eabi/lib/thumb/v7e-m+fp/hard\libc_nano.a(libc_a-sbrkr.o)
                0x0800617c                _sbrk_r
 .text.memcpy   0x0800619c       0x1c C:/ST/STM32CubeIDE_1.13.2/STM32CubeIDE/plugins/com.st.stm32cube.ide.mcu.externaltools.gnu-tools-for-stm32.12.3.rel1.win32_1.0.100.202403111256/tools/bin/../lib/gcc/arm-none-eabi/12.3.1/../../../../arm-none-eabi/lib/thumb/v7e-m+fp/hard\libc_nano.a(libc_a-memcpy-stub.o)
                0x0800619c                memcpy
 .text._realloc_r
                0x080061b8       0x5c C:/ST/STM32CubeIDE_1.13.2/STM32CubeIDE/plugins/com.st.stm32cube.ide.mcu.externaltools.gnu-tools-for-stm32.12.3.rel1.win32_1.0.100.202403111256/tools/bin/../lib/gcc/arm-none-eabi/12.3.1/../../../../arm-none-eabi/lib/thumb/v7e-m+fp/hard\libc_nano.a(libc_a-reallocr.o)
                0x080061b8                _realloc_r
 .text._malloc_usable_size_r
                0x08006214       0x10 C:/ST/STM32CubeIDE_1.13.2/STM32CubeIDE/plugins/com.st.stm32cube.ide.mcu.externaltools.gnu-tools-for-stm32.12.3.rel1.win32_1.0.100.202403111256/tools/bin/../lib/gcc/arm-none-eabi/12.3.1/../../../../arm-none-eabi/lib/thumb/v7e-m+fp/hard\libc_nano.a(libc_a-msizer.o)
                0x08006214                _malloc_usable_size_r
 *(.glue_7)
 .glue_7        0x08006224        0x0 linker stubs
 *(.glue_7t)
 .glue_7t       0x08006224        0x0 linker stubs
 *(.eh_frame)
 .eh_frame      0x08006224        0x0 C:/ST/STM32CubeIDE_1.13.2/STM32CubeIDE/plugins/com.st.stm32cube.ide.mcu.externaltools.gnu-tools-for-stm32.12.3.rel1.win32_1.0.100.202403111256/tools/bin/../lib/gcc/arm-none-eabi/12.3.1/thumb/v7e-m+fp/hard/crtbegin.o
 *(.init)
 .init          0x08006224        0x4 C:/ST/STM32CubeIDE_1.13.2/STM32CubeIDE/plugins/com.st.stm32cube.ide.mcu.externaltools.gnu-tools-for-stm32.12.3.rel1.win32_1.0.100.202403111256/tools/bin/../lib/gcc/arm-none-eabi/12.3.1/thumb/v7e-m+fp/hard/crti.o
                0x08006224                _init
 .init          0x08006228        0x8 C:/ST/STM32CubeIDE_1.13.2/STM32CubeIDE/plugins/com.st.stm32cube.ide.mcu.externaltools.gnu-tools-for-stm32.12.3.rel1.win32_1.0.100.202403111256/tools/bin/../lib/gcc/arm-none-eabi/12.3.1/thumb/v7e-m+fp/hard/crtn.o
 *(.fini)
 .fini          0x08006230        0x4 C:/ST/STM32CubeIDE_1.13.2/STM32CubeIDE/plugins/com.st.stm32cube.ide.mcu.externaltools.gnu-tools-for-stm32.12.3.rel1.win32_1.0.100.202403111256/tools/bin/../lib/gcc/arm-none-eabi/12.3.1/thumb/v7e-m+fp/hard/crti.o
                0x08006230                _fini
 .fini          0x08006234        0x8 C:/ST/STM32CubeIDE_1.13.2/STM32CubeIDE/plugins/com.st.stm32cube.ide.mcu.externaltools.gnu-tools-for-stm32.12.3.rel1.win32_1.0.100.202403111256/tools/bin/../lib/gcc/arm-none-eabi/12.3.1/thumb/v7e-m+fp/hard/crtn.o
                0x0800623c                        . = ALIGN (0x4)
                0x0800623c                        _etext = .

.vfp11_veneer   0x0800623c        0x0
 .vfp11_veneer  0x0800623c        0x0 linker stubs

.v4_bx          0x0800623c        0x0
 .v4_bx         0x0800623c        0x0 linker stubs

.iplt           0x0800623c        0x0
 .iplt          0x0800623c        0x0 C:/ST/STM32CubeIDE_1.13.2/STM32CubeIDE/plugins/com.st.stm32cube.ide.mcu.externaltools.gnu-tools-for-stm32.12.3.rel1.win32_1.0.100.202403111256/tools/bin/../lib/gcc/arm-none-eabi/12.3.1/thumb/v7e-m+fp/hard/crtbegin.o

.rodata         0x0800623c     0x1288
                0x0800623c                        . = ALIGN (0x4)
 *(.rodata)
 .rodata        0x0800623c      0x181 ./Src/lcd.o
 *fill*         0x080063bd        0x3 
 .rodata        0x080063c0       0x68 ./Src/main-displaycontrol.o
 .rodata        0x08006428        0x1 D:\1_Studying\1_IoT\1_FUNIX\Libraries_Add\SDK_1.0.3_NUCLEO-F401RE\lib_stm\libLibraries.a(button.o)
 *fill*         0x08006429        0x3 
 .rodata        0x0800642c        0xf D:\1_Studying\1_IoT\1_FUNIX\Libraries_Add\SDK_1.0.3_NUCLEO-F401RE\lib_stm\libLibraries.a(ucg_font.o)
 *(.rodata*)
 *fill*         0x0800643b        0x1 
 .rodata.ucg_st7735_set_pos_seq
                0x0800643c       0x1e D:\1_Studying\1_IoT\1_FUNIX\Libraries_Add\SDK_1.0.3_NUCLEO-F401RE\lib_stm\libLibraries.a(ucg_dev_ic_st7735.o)
                0x0800643c                ucg_st7735_set_pos_seq
 *fill*         0x0800645a        0x2 
 .rodata.ucg_st7735_set_pos_dir0_seq
                0x0800645c       0x1e D:\1_Studying\1_IoT\1_FUNIX\Libraries_Add\SDK_1.0.3_NUCLEO-F401RE\lib_stm\libLibraries.a(ucg_dev_ic_st7735.o)
                0x0800645c                ucg_st7735_set_pos_dir0_seq
 *fill*         0x0800647a        0x2 
 .rodata.ucg_st7735_set_pos_dir1_seq
                0x0800647c       0x21 D:\1_Studying\1_IoT\1_FUNIX\Libraries_Add\SDK_1.0.3_NUCLEO-F401RE\lib_stm\libLibraries.a(ucg_dev_ic_st7735.o)
                0x0800647c                ucg_st7735_set_pos_dir1_seq
 *fill*         0x0800649d        0x3 
 .rodata.ucg_st7735_set_pos_dir2_seq
                0x080064a0       0x21 D:\1_Studying\1_IoT\1_FUNIX\Libraries_Add\SDK_1.0.3_NUCLEO-F401RE\lib_stm\libLibraries.a(ucg_dev_ic_st7735.o)
                0x080064a0                ucg_st7735_set_pos_dir2_seq
 *fill*         0x080064c1        0x3 
 .rodata.ucg_st7735_set_pos_dir3_seq
                0x080064c4       0x24 D:\1_Studying\1_IoT\1_FUNIX\Libraries_Add\SDK_1.0.3_NUCLEO-F401RE\lib_stm\libLibraries.a(ucg_dev_ic_st7735.o)
                0x080064c4                ucg_st7735_set_pos_dir3_seq
 .rodata.ucg_st7735_power_down_seq
                0x080064e8        0x7 D:\1_Studying\1_IoT\1_FUNIX\Libraries_Add\SDK_1.0.3_NUCLEO-F401RE\lib_stm\libLibraries.a(ucg_dev_ic_st7735.o)
 *fill*         0x080064ef        0x1 
 .rodata.ucg_tft_128x160_st7735_init_seq
                0x080064f0       0x2c D:\1_Studying\1_IoT\1_FUNIX\Libraries_Add\SDK_1.0.3_NUCLEO-F401RE\lib_stm\libLibraries.a(ucg_dev_tft_128x128_st7735.o)
 .rodata.ucg_font_ncenR10_hf
                0x0800651c      0xf75 D:\1_Studying\1_IoT\1_FUNIX\Libraries_Add\SDK_1.0.3_NUCLEO-F401RE\lib_stm\libLibraries.a(ucg_pixel_font_data.o)
                0x0800651c                ucg_font_ncenR10_hf
 .rodata._svfprintf_r.str1.1
                0x08007491       0x11 C:/ST/STM32CubeIDE_1.13.2/STM32CubeIDE/plugins/com.st.stm32cube.ide.mcu.externaltools.gnu-tools-for-stm32.12.3.rel1.win32_1.0.100.202403111256/tools/bin/../lib/gcc/arm-none-eabi/12.3.1/../../../../arm-none-eabi/lib/thumb/v7e-m+fp/hard\libc_nano.a(libc_a-nano-svfprintf.o)
 .rodata._printf_i.str1.1
                0x080074a2       0x22 C:/ST/STM32CubeIDE_1.13.2/STM32CubeIDE/plugins/com.st.stm32cube.ide.mcu.externaltools.gnu-tools-for-stm32.12.3.rel1.win32_1.0.100.202403111256/tools/bin/../lib/gcc/arm-none-eabi/12.3.1/../../../../arm-none-eabi/lib/thumb/v7e-m+fp/hard\libc_nano.a(libc_a-nano-vfprintf_i.o)
                0x080074c4                        . = ALIGN (0x4)

.ARM.extab      0x080074c4        0x0
                0x080074c4                        . = ALIGN (0x4)
 *(.ARM.extab* .gnu.linkonce.armextab.*)
                0x080074c4                        . = ALIGN (0x4)

.ARM            0x080074c4        0x8
                0x080074c4                        . = ALIGN (0x4)
                0x080074c4                        __exidx_start = .
 *(.ARM.exidx*)
 .ARM.exidx     0x080074c4        0x8 C:/ST/STM32CubeIDE_1.13.2/STM32CubeIDE/plugins/com.st.stm32cube.ide.mcu.externaltools.gnu-tools-for-stm32.12.3.rel1.win32_1.0.100.202403111256/tools/bin/../lib/gcc/arm-none-eabi/12.3.1/../../../../arm-none-eabi/lib/thumb/v7e-m+fp/hard\libc_nano.a(libc_a-memchr.o)
                0x080074cc                        __exidx_end = .
                0x080074cc                        . = ALIGN (0x4)

.preinit_array  0x080074cc        0x0
                0x080074cc                        . = ALIGN (0x4)
                0x080074cc                        PROVIDE (__preinit_array_start = .)
 *(.preinit_array*)
                0x080074cc                        PROVIDE (__preinit_array_end = .)
                0x080074cc                        . = ALIGN (0x4)

.init_array     0x080074cc        0x4
                0x080074cc                        . = ALIGN (0x4)
                0x080074cc                        PROVIDE (__init_array_start = .)
 *(SORT_BY_NAME(.init_array.*))
 *(.init_array*)
 .init_array    0x080074cc        0x4 C:/ST/STM32CubeIDE_1.13.2/STM32CubeIDE/plugins/com.st.stm32cube.ide.mcu.externaltools.gnu-tools-for-stm32.12.3.rel1.win32_1.0.100.202403111256/tools/bin/../lib/gcc/arm-none-eabi/12.3.1/thumb/v7e-m+fp/hard/crtbegin.o
                0x080074d0                        PROVIDE (__init_array_end = .)
                0x080074d0                        . = ALIGN (0x4)

.fini_array     0x080074d0        0x4
                0x080074d0                        . = ALIGN (0x4)
                [!provide]                        PROVIDE (__fini_array_start = .)
 *(SORT_BY_NAME(.fini_array.*))
 *(.fini_array*)
 .fini_array    0x080074d0        0x4 C:/ST/STM32CubeIDE_1.13.2/STM32CubeIDE/plugins/com.st.stm32cube.ide.mcu.externaltools.gnu-tools-for-stm32.12.3.rel1.win32_1.0.100.202403111256/tools/bin/../lib/gcc/arm-none-eabi/12.3.1/thumb/v7e-m+fp/hard/crtbegin.o
                [!provide]                        PROVIDE (__fini_array_end = .)
                0x080074d4                        . = ALIGN (0x4)
                0x080074d4                        _sidata = LOADADDR (.data)

.rel.dyn        0x080074d4        0x0
 .rel.iplt      0x080074d4        0x0 C:/ST/STM32CubeIDE_1.13.2/STM32CubeIDE/plugins/com.st.stm32cube.ide.mcu.externaltools.gnu-tools-for-stm32.12.3.rel1.win32_1.0.100.202403111256/tools/bin/../lib/gcc/arm-none-eabi/12.3.1/thumb/v7e-m+fp/hard/crtbegin.o

.data           0x20000000       0xd8 load address 0x080074d4
                0x20000000                        . = ALIGN (0x4)
                0x20000000                        _sdata = .
 *(.data)
 *(.data*)
 .data.g_symbolStr
                0x20000000        0x2 ./Src/lcd.o
                0x20000000                g_symbolStr
 *fill*         0x20000002        0x2 
 .data.g_clearSymbolStr
                0x20000004        0x4 ./Src/lcd.o
                0x20000004                g_clearSymbolStr
 .data.g_setStr
                0x20000008        0x7 ./Src/lcd.o
                0x20000008                g_setStr
 *fill*         0x2000000f        0x1 
 .data.g_clearSetStr
                0x20000010        0xb ./Src/lcd.o
                0x20000010                g_clearSetStr
 .data.g_currentSelect
                0x2000001b        0x1 ./Src/lcd.o
                0x2000001b                g_currentSelect
 .data.g_menuItemSelected
                0x2000001c        0x1 ./Src/lcd.o
                0x2000001c                g_menuItemSelected
 .data.g_distanceValueSelected
                0x2000001d        0x1 ./Src/lcd.o
                0x2000001d                g_distanceValueSelected
 .data.g_sensitivityValueSelected
                0x2000001e        0x1 ./Src/lcd.o
                0x2000001e                g_sensitivityValueSelected
 .data.g_latencyValueSelected
                0x2000001f        0x1 ./Src/lcd.o
                0x2000001f                g_latencyValueSelected
 .data.g_lightValueSelected
                0x20000020        0x1 ./Src/lcd.o
                0x20000020                g_lightValueSelected
 *fill*         0x20000021        0x3 
 .data.SystemCoreClock
                0x20000024        0x4 D:\1_Studying\1_IoT\1_FUNIX\Libraries_Add\SDK_1.0.3_NUCLEO-F401RE\lib_stm\libLibraries.a(system_stm32f4xx.o)
                0x20000024                SystemCoreClock
 .data.AHBPrescTable
                0x20000028       0x10 D:\1_Studying\1_IoT\1_FUNIX\Libraries_Add\SDK_1.0.3_NUCLEO-F401RE\lib_stm\libLibraries.a(system_stm32f4xx.o)
                0x20000028                AHBPrescTable
 .data.APBAHBPrescTable
                0x20000038       0x10 D:\1_Studying\1_IoT\1_FUNIX\Libraries_Add\SDK_1.0.3_NUCLEO-F401RE\lib_stm\libLibraries.a(stm32f401re_rcc.o)
 .data.pinBtnPad
                0x20000048       0x30 D:\1_Studying\1_IoT\1_FUNIX\Libraries_Add\SDK_1.0.3_NUCLEO-F401RE\lib_stm\libLibraries.a(button.o)
 .data.idTaskScanButton
                0x20000078        0x1 D:\1_Studying\1_IoT\1_FUNIX\Libraries_Add\SDK_1.0.3_NUCLEO-F401RE\lib_stm\libLibraries.a(button.o)
 .data.idTaskScanDecodeLen
                0x20000079        0x1 D:\1_Studying\1_IoT\1_FUNIX\Libraries_Add\SDK_1.0.3_NUCLEO-F401RE\lib_stm\libLibraries.a(ucg_font.o)
 *fill*         0x2000007a        0x2 
 .data.__sglue  0x2000007c        0xc C:/ST/STM32CubeIDE_1.13.2/STM32CubeIDE/plugins/com.st.stm32cube.ide.mcu.externaltools.gnu-tools-for-stm32.12.3.rel1.win32_1.0.100.202403111256/tools/bin/../lib/gcc/arm-none-eabi/12.3.1/../../../../arm-none-eabi/lib/thumb/v7e-m+fp/hard\libc_nano.a(libc_a-findfp.o)
                0x2000007c                __sglue
 .data._impure_ptr
                0x20000088        0x4 C:/ST/STM32CubeIDE_1.13.2/STM32CubeIDE/plugins/com.st.stm32cube.ide.mcu.externaltools.gnu-tools-for-stm32.12.3.rel1.win32_1.0.100.202403111256/tools/bin/../lib/gcc/arm-none-eabi/12.3.1/../../../../arm-none-eabi/lib/thumb/v7e-m+fp/hard\libc_nano.a(libc_a-impure.o)
                0x20000088                _impure_ptr
 .data._impure_data
                0x2000008c       0x4c C:/ST/STM32CubeIDE_1.13.2/STM32CubeIDE/plugins/com.st.stm32cube.ide.mcu.externaltools.gnu-tools-for-stm32.12.3.rel1.win32_1.0.100.202403111256/tools/bin/../lib/gcc/arm-none-eabi/12.3.1/../../../../arm-none-eabi/lib/thumb/v7e-m+fp/hard\libc_nano.a(libc_a-impure.o)
                0x2000008c                _impure_data
 *(.RamFunc)
 *(.RamFunc*)
                0x200000d8                        . = ALIGN (0x4)
                0x200000d8                        _edata = .

.igot.plt       0x200000d8        0x0 load address 0x080075ac
 .igot.plt      0x200000d8        0x0 C:/ST/STM32CubeIDE_1.13.2/STM32CubeIDE/plugins/com.st.stm32cube.ide.mcu.externaltools.gnu-tools-for-stm32.12.3.rel1.win32_1.0.100.202403111256/tools/bin/../lib/gcc/arm-none-eabi/12.3.1/thumb/v7e-m+fp/hard/crtbegin.o
                0x200000d8                        . = ALIGN (0x4)

.bss            0x200000d8     0x18e8 load address 0x080075ac
                0x200000d8                        _sbss = .
                0x200000d8                        __bss_start__ = _sbss
 *(.bss)
 .bss           0x200000d8       0x1c C:/ST/STM32CubeIDE_1.13.2/STM32CubeIDE/plugins/com.st.stm32cube.ide.mcu.externaltools.gnu-tools-for-stm32.12.3.rel1.win32_1.0.100.202403111256/tools/bin/../lib/gcc/arm-none-eabi/12.3.1/thumb/v7e-m+fp/hard/crtbegin.o
 *(.bss*)
 .bss.g_ucg     0x200000f4       0xb4 ./Src/lcd.o
                0x200000f4                g_ucg
 .bss.g_strTemp
                0x200001a8       0x1e ./Src/lcd.o
                0x200001a8                g_strTemp
 *fill*         0x200001c6        0x2 
 .bss.g_strHumi
                0x200001c8       0x1e ./Src/lcd.o
                0x200001c8                g_strHumi
 *fill*         0x200001e6        0x2 
 .bss.g_strLight
                0x200001e8       0x1e ./Src/lcd.o
                0x200001e8                g_strLight
 .bss.g_currentScreen
                0x20000206        0x1 ./Src/lcd.o
                0x20000206                g_currentScreen
 .bss.g_eCurrentState
                0x20000207        0x1 ./Src/main-displaycontrol.o
                0x20000207                g_eCurrentState
 .bss.ledOnOffToggle.2
                0x20000208        0x1 ./Src/main-displaycontrol.o
 .bss.nwkCreateDeleteToggle.1
                0x20000209        0x1 ./Src/main-displaycontrol.o
 .bss.nwkOpenCloseToggle.0
                0x2000020a        0x1 ./Src/main-displaycontrol.o
 *fill*         0x2000020b        0x1 
 .bss.__sbrk_heap_end
                0x2000020c        0x4 ./Src/sysmem.o
 .bss.USART6StateCallback
                0x20000210        0x4 ./Src/usart.o
                0x20000210                USART6StateCallback
 .bss.g_IndexRxBuf
                0x20000214        0x1 ./Src/usart.o
                0x20000214                g_IndexRxBuf
 *fill*         0x20000215        0x3 
 .bss.g_strRxBufData
                0x20000218      0x100 ./Src/usart.o
                0x20000218                g_strRxBufData
 .bss.g_strRxBuffer
                0x20000318      0x200 ./Src/usart.o
                0x20000318                g_strRxBuffer
 .bss.g_serialQueueRx
                0x20000518       0x10 ./Src/usart.o
                0x20000518                g_serialQueueRx
 .bss.bySequence.0
                0x20000528        0x1 ./Src/usart.o
 *fill*         0x20000529        0x3 
 .bss.kpad      0x2000052c       0x78 D:\1_Studying\1_IoT\1_FUNIX\Libraries_Add\SDK_1.0.3_NUCLEO-F401RE\lib_stm\libLibraries.a(button.o)
 .bss.pEventCallbacks
                0x200005a4       0x10 D:\1_Studying\1_IoT\1_FUNIX\Libraries_Add\SDK_1.0.3_NUCLEO-F401RE\lib_stm\libLibraries.a(button.o)
 .bss.pAppStateFunc
                0x200005b4        0x4 D:\1_Studying\1_IoT\1_FUNIX\Libraries_Add\SDK_1.0.3_NUCLEO-F401RE\lib_stm\libLibraries.a(eventman.o)
 .bss.pBuffEvent
                0x200005b8      0x100 D:\1_Studying\1_IoT\1_FUNIX\Libraries_Add\SDK_1.0.3_NUCLEO-F401RE\lib_stm\libLibraries.a(eventman.o)
 .bss.eventQueue
                0x200006b8       0x10 D:\1_Studying\1_IoT\1_FUNIX\Libraries_Add\SDK_1.0.3_NUCLEO-F401RE\lib_stm\libLibraries.a(eventman.o)
 .bss.g_pTimerHandle
                0x200006c8      0x180 D:\1_Studying\1_IoT\1_FUNIX\Libraries_Add\SDK_1.0.3_NUCLEO-F401RE\lib_stm\libLibraries.a(timer.o)
 .bss.g_wMilSecTickTimer
                0x20000848        0x4 D:\1_Studying\1_IoT\1_FUNIX\Libraries_Add\SDK_1.0.3_NUCLEO-F401RE\lib_stm\libLibraries.a(timer.o)
 .bss.g_pUartQueueRx
                0x2000084c        0x8 D:\1_Studying\1_IoT\1_FUNIX\Libraries_Add\SDK_1.0.3_NUCLEO-F401RE\lib_stm\libLibraries.a(serial.o)
 .bss.fontQueue
                0x20000854       0x10 D:\1_Studying\1_IoT\1_FUNIX\Libraries_Add\SDK_1.0.3_NUCLEO-F401RE\lib_stm\libLibraries.a(ucg_font.o)
 .bss.pQueueFont
                0x20000864     0x1000 D:\1_Studying\1_IoT\1_FUNIX\Libraries_Add\SDK_1.0.3_NUCLEO-F401RE\lib_stm\libLibraries.a(ucg_font.o)
 .bss.next.7562
                0x20001864        0x1 D:\1_Studying\1_IoT\1_FUNIX\Libraries_Add\SDK_1.0.3_NUCLEO-F401RE\lib_stm\libLibraries.a(ucg_font.o)
 *fill*         0x20001865        0x3 
 .bss.__sf      0x20001868      0x138 C:/ST/STM32CubeIDE_1.13.2/STM32CubeIDE/plugins/com.st.stm32cube.ide.mcu.externaltools.gnu-tools-for-stm32.12.3.rel1.win32_1.0.100.202403111256/tools/bin/../lib/gcc/arm-none-eabi/12.3.1/../../../../arm-none-eabi/lib/thumb/v7e-m+fp/hard\libc_nano.a(libc_a-findfp.o)
                0x20001868                __sf
 .bss.__stdio_exit_handler
                0x200019a0        0x4 C:/ST/STM32CubeIDE_1.13.2/STM32CubeIDE/plugins/com.st.stm32cube.ide.mcu.externaltools.gnu-tools-for-stm32.12.3.rel1.win32_1.0.100.202403111256/tools/bin/../lib/gcc/arm-none-eabi/12.3.1/../../../../arm-none-eabi/lib/thumb/v7e-m+fp/hard\libc_nano.a(libc_a-findfp.o)
                0x200019a0                __stdio_exit_handler
 .bss.errno     0x200019a4        0x4 C:/ST/STM32CubeIDE_1.13.2/STM32CubeIDE/plugins/com.st.stm32cube.ide.mcu.externaltools.gnu-tools-for-stm32.12.3.rel1.win32_1.0.100.202403111256/tools/bin/../lib/gcc/arm-none-eabi/12.3.1/../../../../arm-none-eabi/lib/thumb/v7e-m+fp/hard\libc_nano.a(libc_a-reent.o)
                0x200019a4                errno
 .bss.__lock___malloc_recursive_mutex
                0x200019a8        0x1 C:/ST/STM32CubeIDE_1.13.2/STM32CubeIDE/plugins/com.st.stm32cube.ide.mcu.externaltools.gnu-tools-for-stm32.12.3.rel1.win32_1.0.100.202403111256/tools/bin/../lib/gcc/arm-none-eabi/12.3.1/../../../../arm-none-eabi/lib/thumb/v7e-m+fp/hard\libc_nano.a(libc_a-lock.o)
                0x200019a8                __lock___malloc_recursive_mutex
 .bss.__lock___sfp_recursive_mutex
                0x200019a9        0x1 C:/ST/STM32CubeIDE_1.13.2/STM32CubeIDE/plugins/com.st.stm32cube.ide.mcu.externaltools.gnu-tools-for-stm32.12.3.rel1.win32_1.0.100.202403111256/tools/bin/../lib/gcc/arm-none-eabi/12.3.1/../../../../arm-none-eabi/lib/thumb/v7e-m+fp/hard\libc_nano.a(libc_a-lock.o)
                0x200019a9                __lock___sfp_recursive_mutex
 *fill*         0x200019aa        0x2 
 .bss.__malloc_sbrk_start
                0x200019ac        0x4 C:/ST/STM32CubeIDE_1.13.2/STM32CubeIDE/plugins/com.st.stm32cube.ide.mcu.externaltools.gnu-tools-for-stm32.12.3.rel1.win32_1.0.100.202403111256/tools/bin/../lib/gcc/arm-none-eabi/12.3.1/../../../../arm-none-eabi/lib/thumb/v7e-m+fp/hard\libc_nano.a(libc_a-mallocr.o)
                0x200019ac                __malloc_sbrk_start
 .bss.__malloc_free_list
                0x200019b0        0x4 C:/ST/STM32CubeIDE_1.13.2/STM32CubeIDE/plugins/com.st.stm32cube.ide.mcu.externaltools.gnu-tools-for-stm32.12.3.rel1.win32_1.0.100.202403111256/tools/bin/../lib/gcc/arm-none-eabi/12.3.1/../../../../arm-none-eabi/lib/thumb/v7e-m+fp/hard\libc_nano.a(libc_a-mallocr.o)
                0x200019b0                __malloc_free_list
 *(COMMON)
 COMMON         0x200019b4        0xc D:\1_Studying\1_IoT\1_FUNIX\Libraries_Add\SDK_1.0.3_NUCLEO-F401RE\lib_stm\libLibraries.a(ucg_font.o)
                0x200019b4                ucg_draw_str
                0x200019c0                        . = ALIGN (0x4)
                0x200019c0                        _ebss = .
                0x200019c0                        __bss_end__ = _ebss

._user_heap_stack
                0x200019c0      0x600 load address 0x080075ac
                0x200019c0                        . = ALIGN (0x8)
                [!provide]                        PROVIDE (end = .)
                0x200019c0                        PROVIDE (_end = .)
                0x20001bc0                        . = (. + _Min_Heap_Size)
 *fill*         0x200019c0      0x200 
                0x20001fc0                        . = (. + _Min_Stack_Size)
 *fill*         0x20001bc0      0x400 
                0x20001fc0                        . = ALIGN (0x8)

/DISCARD/
 libc.a(*)
 libm.a(*)
 libgcc.a(*)

.ARM.attributes
                0x00000000       0x30
 *(.ARM.attributes)
 .ARM.attributes
                0x00000000       0x22 C:/ST/STM32CubeIDE_1.13.2/STM32CubeIDE/plugins/com.st.stm32cube.ide.mcu.externaltools.gnu-tools-for-stm32.12.3.rel1.win32_1.0.100.202403111256/tools/bin/../lib/gcc/arm-none-eabi/12.3.1/thumb/v7e-m+fp/hard/crti.o
 .ARM.attributes
                0x00000022       0x34 C:/ST/STM32CubeIDE_1.13.2/STM32CubeIDE/plugins/com.st.stm32cube.ide.mcu.externaltools.gnu-tools-for-stm32.12.3.rel1.win32_1.0.100.202403111256/tools/bin/../lib/gcc/arm-none-eabi/12.3.1/thumb/v7e-m+fp/hard/crtbegin.o
 .ARM.attributes
                0x00000056       0x34 ./Src/lcd.o
 .ARM.attributes
                0x0000008a       0x34 ./Src/main-displaycontrol.o
 .ARM.attributes
                0x000000be       0x34 ./Src/syscalls.o
 .ARM.attributes
                0x000000f2       0x34 ./Src/sysmem.o
 .ARM.attributes
                0x00000126       0x34 ./Src/usart.o
 .ARM.attributes
                0x0000015a       0x21 ./Startup/startup_stm32f401retx.o
 .ARM.attributes
                0x0000017b       0x39 D:\1_Studying\1_IoT\1_FUNIX\Libraries_Add\SDK_1.0.3_NUCLEO-F401RE\lib_stm\libLibraries.a(system_stm32f4xx.o)
 .ARM.attributes
                0x000001b4       0x39 D:\1_Studying\1_IoT\1_FUNIX\Libraries_Add\SDK_1.0.3_NUCLEO-F401RE\lib_stm\libLibraries.a(misc.o)
 .ARM.attributes
                0x000001ed       0x39 D:\1_Studying\1_IoT\1_FUNIX\Libraries_Add\SDK_1.0.3_NUCLEO-F401RE\lib_stm\libLibraries.a(stm32f401re_gpio.o)
 .ARM.attributes
                0x00000226       0x39 D:\1_Studying\1_IoT\1_FUNIX\Libraries_Add\SDK_1.0.3_NUCLEO-F401RE\lib_stm\libLibraries.a(stm32f401re_rcc.o)
 .ARM.attributes
                0x0000025f       0x39 D:\1_Studying\1_IoT\1_FUNIX\Libraries_Add\SDK_1.0.3_NUCLEO-F401RE\lib_stm\libLibraries.a(stm32f401re_usart.o)
 .ARM.attributes
                0x00000298       0x39 D:\1_Studying\1_IoT\1_FUNIX\Libraries_Add\SDK_1.0.3_NUCLEO-F401RE\lib_stm\libLibraries.a(button.o)
 .ARM.attributes
                0x000002d1       0x39 D:\1_Studying\1_IoT\1_FUNIX\Libraries_Add\SDK_1.0.3_NUCLEO-F401RE\lib_stm\libLibraries.a(eventbutton.o)
 .ARM.attributes
                0x0000030a       0x39 D:\1_Studying\1_IoT\1_FUNIX\Libraries_Add\SDK_1.0.3_NUCLEO-F401RE\lib_stm\libLibraries.a(eventman.o)
 .ARM.attributes
                0x00000343       0x39 D:\1_Studying\1_IoT\1_FUNIX\Libraries_Add\SDK_1.0.3_NUCLEO-F401RE\lib_stm\libLibraries.a(timer.o)
 .ARM.attributes
                0x0000037c       0x39 D:\1_Studying\1_IoT\1_FUNIX\Libraries_Add\SDK_1.0.3_NUCLEO-F401RE\lib_stm\libLibraries.a(serial.o)
 .ARM.attributes
                0x000003b5       0x39 D:\1_Studying\1_IoT\1_FUNIX\Libraries_Add\SDK_1.0.3_NUCLEO-F401RE\lib_stm\libLibraries.a(Ucglib.o)
 .ARM.attributes
                0x000003ee       0x39 D:\1_Studying\1_IoT\1_FUNIX\Libraries_Add\SDK_1.0.3_NUCLEO-F401RE\lib_stm\libLibraries.a(ucg_box.o)
 .ARM.attributes
                0x00000427       0x39 D:\1_Studying\1_IoT\1_FUNIX\Libraries_Add\SDK_1.0.3_NUCLEO-F401RE\lib_stm\libLibraries.a(ucg_ccs.o)
 .ARM.attributes
                0x00000460       0x39 D:\1_Studying\1_IoT\1_FUNIX\Libraries_Add\SDK_1.0.3_NUCLEO-F401RE\lib_stm\libLibraries.a(ucg_dev_default_cb.o)
 .ARM.attributes
                0x00000499       0x39 D:\1_Studying\1_IoT\1_FUNIX\Libraries_Add\SDK_1.0.3_NUCLEO-F401RE\lib_stm\libLibraries.a(ucg_dev_ic_st7735.o)
 .ARM.attributes
                0x000004d2       0x39 D:\1_Studying\1_IoT\1_FUNIX\Libraries_Add\SDK_1.0.3_NUCLEO-F401RE\lib_stm\libLibraries.a(ucg_dev_msg_api.o)
 .ARM.attributes
                0x0000050b       0x39 D:\1_Studying\1_IoT\1_FUNIX\Libraries_Add\SDK_1.0.3_NUCLEO-F401RE\lib_stm\libLibraries.a(ucg_dev_tft_128x128_st7735.o)
 .ARM.attributes
                0x00000544       0x39 D:\1_Studying\1_IoT\1_FUNIX\Libraries_Add\SDK_1.0.3_NUCLEO-F401RE\lib_stm\libLibraries.a(ucg_font.o)
 .ARM.attributes
                0x0000057d       0x39 D:\1_Studying\1_IoT\1_FUNIX\Libraries_Add\SDK_1.0.3_NUCLEO-F401RE\lib_stm\libLibraries.a(ucg_init.o)
 .ARM.attributes
                0x000005b6       0x39 D:\1_Studying\1_IoT\1_FUNIX\Libraries_Add\SDK_1.0.3_NUCLEO-F401RE\lib_stm\libLibraries.a(ucg_line.o)
 .ARM.attributes
                0x000005ef       0x39 D:\1_Studying\1_IoT\1_FUNIX\Libraries_Add\SDK_1.0.3_NUCLEO-F401RE\lib_stm\libLibraries.a(ucg_pixel.o)
 .ARM.attributes
                0x00000628       0x39 D:\1_Studying\1_IoT\1_FUNIX\Libraries_Add\SDK_1.0.3_NUCLEO-F401RE\lib_stm\libLibraries.a(ucg_pixel_font_data.o)
 .ARM.attributes
                0x00000661       0x39 D:\1_Studying\1_IoT\1_FUNIX\Libraries_Add\SDK_1.0.3_NUCLEO-F401RE\lib_stm\libLibraries.a(ucg_rotate.o)
 .ARM.attributes
                0x0000069a       0x39 D:\1_Studying\1_IoT\1_FUNIX\Libraries_Add\SDK_1.0.3_NUCLEO-F401RE\lib_stm\libLibraries.a(buff.o)
 .ARM.attributes
                0x000006d3       0x39 D:\1_Studying\1_IoT\1_FUNIX\Libraries_Add\SDK_1.0.3_NUCLEO-F401RE\lib_stm\libLibraries.a(utilities.o)
 .ARM.attributes
                0x0000070c       0x39 D:\1_Studying\1_IoT\1_FUNIX\Libraries_Add\SDK_1.0.3_NUCLEO-F401RE\lib_stm\libLibraries.a(ucg_clip.o)
 .ARM.attributes
                0x00000745       0x39 D:\1_Studying\1_IoT\1_FUNIX\Libraries_Add\SDK_1.0.3_NUCLEO-F401RE\lib_stm\libLibraries.a(ucg_com_msg_api.o)
 .ARM.attributes
                0x0000077e       0x34 C:/ST/STM32CubeIDE_1.13.2/STM32CubeIDE/plugins/com.st.stm32cube.ide.mcu.externaltools.gnu-tools-for-stm32.12.3.rel1.win32_1.0.100.202403111256/tools/bin/../lib/gcc/arm-none-eabi/12.3.1/../../../../arm-none-eabi/lib/thumb/v7e-m+fp/hard\libc_nano.a(libc_a-findfp.o)
 .ARM.attributes
                0x000007b2       0x34 C:/ST/STM32CubeIDE_1.13.2/STM32CubeIDE/plugins/com.st.stm32cube.ide.mcu.externaltools.gnu-tools-for-stm32.12.3.rel1.win32_1.0.100.202403111256/tools/bin/../lib/gcc/arm-none-eabi/12.3.1/../../../../arm-none-eabi/lib/thumb/v7e-m+fp/hard\libc_nano.a(libc_a-fwalk.o)
 .ARM.attributes
                0x000007e6       0x34 C:/ST/STM32CubeIDE_1.13.2/STM32CubeIDE/plugins/com.st.stm32cube.ide.mcu.externaltools.gnu-tools-for-stm32.12.3.rel1.win32_1.0.100.202403111256/tools/bin/../lib/gcc/arm-none-eabi/12.3.1/../../../../arm-none-eabi/lib/thumb/v7e-m+fp/hard\libc_nano.a(libc_a-puts.o)
 .ARM.attributes
                0x0000081a       0x34 C:/ST/STM32CubeIDE_1.13.2/STM32CubeIDE/plugins/com.st.stm32cube.ide.mcu.externaltools.gnu-tools-for-stm32.12.3.rel1.win32_1.0.100.202403111256/tools/bin/../lib/gcc/arm-none-eabi/12.3.1/../../../../arm-none-eabi/lib/thumb/v7e-m+fp/hard\libc_nano.a(libc_a-sprintf.o)
 .ARM.attributes
                0x0000084e       0x34 C:/ST/STM32CubeIDE_1.13.2/STM32CubeIDE/plugins/com.st.stm32cube.ide.mcu.externaltools.gnu-tools-for-stm32.12.3.rel1.win32_1.0.100.202403111256/tools/bin/../lib/gcc/arm-none-eabi/12.3.1/../../../../arm-none-eabi/lib/thumb/v7e-m+fp/hard\libc_nano.a(libc_a-stdio.o)
 .ARM.attributes
                0x00000882       0x34 C:/ST/STM32CubeIDE_1.13.2/STM32CubeIDE/plugins/com.st.stm32cube.ide.mcu.externaltools.gnu-tools-for-stm32.12.3.rel1.win32_1.0.100.202403111256/tools/bin/../lib/gcc/arm-none-eabi/12.3.1/../../../../arm-none-eabi/lib/thumb/v7e-m+fp/hard\libc_nano.a(libc_a-wbuf.o)
 .ARM.attributes
                0x000008b6       0x34 C:/ST/STM32CubeIDE_1.13.2/STM32CubeIDE/plugins/com.st.stm32cube.ide.mcu.externaltools.gnu-tools-for-stm32.12.3.rel1.win32_1.0.100.202403111256/tools/bin/../lib/gcc/arm-none-eabi/12.3.1/../../../../arm-none-eabi/lib/thumb/v7e-m+fp/hard\libc_nano.a(libc_a-wsetup.o)
 .ARM.attributes
                0x000008ea       0x34 C:/ST/STM32CubeIDE_1.13.2/STM32CubeIDE/plugins/com.st.stm32cube.ide.mcu.externaltools.gnu-tools-for-stm32.12.3.rel1.win32_1.0.100.202403111256/tools/bin/../lib/gcc/arm-none-eabi/12.3.1/../../../../arm-none-eabi/lib/thumb/v7e-m+fp/hard\libc_nano.a(libc_a-memset.o)
 .ARM.attributes
                0x0000091e       0x34 C:/ST/STM32CubeIDE_1.13.2/STM32CubeIDE/plugins/com.st.stm32cube.ide.mcu.externaltools.gnu-tools-for-stm32.12.3.rel1.win32_1.0.100.202403111256/tools/bin/../lib/gcc/arm-none-eabi/12.3.1/../../../../arm-none-eabi/lib/thumb/v7e-m+fp/hard\libc_nano.a(libc_a-closer.o)
 .ARM.attributes
                0x00000952       0x34 C:/ST/STM32CubeIDE_1.13.2/STM32CubeIDE/plugins/com.st.stm32cube.ide.mcu.externaltools.gnu-tools-for-stm32.12.3.rel1.win32_1.0.100.202403111256/tools/bin/../lib/gcc/arm-none-eabi/12.3.1/../../../../arm-none-eabi/lib/thumb/v7e-m+fp/hard\libc_nano.a(libc_a-reent.o)
 .ARM.attributes
                0x00000986       0x34 C:/ST/STM32CubeIDE_1.13.2/STM32CubeIDE/plugins/com.st.stm32cube.ide.mcu.externaltools.gnu-tools-for-stm32.12.3.rel1.win32_1.0.100.202403111256/tools/bin/../lib/gcc/arm-none-eabi/12.3.1/../../../../arm-none-eabi/lib/thumb/v7e-m+fp/hard\libc_nano.a(libc_a-impure.o)
 .ARM.attributes
                0x000009ba       0x34 C:/ST/STM32CubeIDE_1.13.2/STM32CubeIDE/plugins/com.st.stm32cube.ide.mcu.externaltools.gnu-tools-for-stm32.12.3.rel1.win32_1.0.100.202403111256/tools/bin/../lib/gcc/arm-none-eabi/12.3.1/../../../../arm-none-eabi/lib/thumb/v7e-m+fp/hard\libc_nano.a(libc_a-lseekr.o)
 .ARM.attributes
                0x000009ee       0x34 C:/ST/STM32CubeIDE_1.13.2/STM32CubeIDE/plugins/com.st.stm32cube.ide.mcu.externaltools.gnu-tools-for-stm32.12.3.rel1.win32_1.0.100.202403111256/tools/bin/../lib/gcc/arm-none-eabi/12.3.1/../../../../arm-none-eabi/lib/thumb/v7e-m+fp/hard\libc_nano.a(libc_a-readr.o)
 .ARM.attributes
                0x00000a22       0x34 C:/ST/STM32CubeIDE_1.13.2/STM32CubeIDE/plugins/com.st.stm32cube.ide.mcu.externaltools.gnu-tools-for-stm32.12.3.rel1.win32_1.0.100.202403111256/tools/bin/../lib/gcc/arm-none-eabi/12.3.1/../../../../arm-none-eabi/lib/thumb/v7e-m+fp/hard\libc_nano.a(libc_a-writer.o)
 .ARM.attributes
                0x00000a56       0x34 C:/ST/STM32CubeIDE_1.13.2/STM32CubeIDE/plugins/com.st.stm32cube.ide.mcu.externaltools.gnu-tools-for-stm32.12.3.rel1.win32_1.0.100.202403111256/tools/bin/../lib/gcc/arm-none-eabi/12.3.1/../../../../arm-none-eabi/lib/thumb/v7e-m+fp/hard\libc_nano.a(libc_a-errno.o)
 .ARM.attributes
                0x00000a8a       0x34 C:/ST/STM32CubeIDE_1.13.2/STM32CubeIDE/plugins/com.st.stm32cube.ide.mcu.externaltools.gnu-tools-for-stm32.12.3.rel1.win32_1.0.100.202403111256/tools/bin/../lib/gcc/arm-none-eabi/12.3.1/../../../../arm-none-eabi/lib/thumb/v7e-m+fp/hard\libc_nano.a(libc_a-init.o)
 .ARM.attributes
                0x00000abe       0x34 C:/ST/STM32CubeIDE_1.13.2/STM32CubeIDE/plugins/com.st.stm32cube.ide.mcu.externaltools.gnu-tools-for-stm32.12.3.rel1.win32_1.0.100.202403111256/tools/bin/../lib/gcc/arm-none-eabi/12.3.1/../../../../arm-none-eabi/lib/thumb/v7e-m+fp/hard\libc_nano.a(libc_a-lock.o)
 .ARM.attributes
                0x00000af2       0x34 C:/ST/STM32CubeIDE_1.13.2/STM32CubeIDE/plugins/com.st.stm32cube.ide.mcu.externaltools.gnu-tools-for-stm32.12.3.rel1.win32_1.0.100.202403111256/tools/bin/../lib/gcc/arm-none-eabi/12.3.1/../../../../arm-none-eabi/lib/thumb/v7e-m+fp/hard\libc_nano.a(libc_a-freer.o)
 .ARM.attributes
                0x00000b26       0x34 C:/ST/STM32CubeIDE_1.13.2/STM32CubeIDE/plugins/com.st.stm32cube.ide.mcu.externaltools.gnu-tools-for-stm32.12.3.rel1.win32_1.0.100.202403111256/tools/bin/../lib/gcc/arm-none-eabi/12.3.1/../../../../arm-none-eabi/lib/thumb/v7e-m+fp/hard\libc_nano.a(libc_a-mallocr.o)
 .ARM.attributes
                0x00000b5a       0x34 C:/ST/STM32CubeIDE_1.13.2/STM32CubeIDE/plugins/com.st.stm32cube.ide.mcu.externaltools.gnu-tools-for-stm32.12.3.rel1.win32_1.0.100.202403111256/tools/bin/../lib/gcc/arm-none-eabi/12.3.1/../../../../arm-none-eabi/lib/thumb/v7e-m+fp/hard\libc_nano.a(libc_a-mlock.o)
 .ARM.attributes
                0x00000b8e       0x34 C:/ST/STM32CubeIDE_1.13.2/STM32CubeIDE/plugins/com.st.stm32cube.ide.mcu.externaltools.gnu-tools-for-stm32.12.3.rel1.win32_1.0.100.202403111256/tools/bin/../lib/gcc/arm-none-eabi/12.3.1/../../../../arm-none-eabi/lib/thumb/v7e-m+fp/hard\libc_nano.a(libc_a-nano-svfprintf.o)
 .ARM.attributes
                0x00000bc2       0x34 C:/ST/STM32CubeIDE_1.13.2/STM32CubeIDE/plugins/com.st.stm32cube.ide.mcu.externaltools.gnu-tools-for-stm32.12.3.rel1.win32_1.0.100.202403111256/tools/bin/../lib/gcc/arm-none-eabi/12.3.1/../../../../arm-none-eabi/lib/thumb/v7e-m+fp/hard\libc_nano.a(libc_a-nano-vfprintf_i.o)
 .ARM.attributes
                0x00000bf6       0x34 C:/ST/STM32CubeIDE_1.13.2/STM32CubeIDE/plugins/com.st.stm32cube.ide.mcu.externaltools.gnu-tools-for-stm32.12.3.rel1.win32_1.0.100.202403111256/tools/bin/../lib/gcc/arm-none-eabi/12.3.1/../../../../arm-none-eabi/lib/thumb/v7e-m+fp/hard\libc_nano.a(libc_a-fflush.o)
 .ARM.attributes
                0x00000c2a       0x34 C:/ST/STM32CubeIDE_1.13.2/STM32CubeIDE/plugins/com.st.stm32cube.ide.mcu.externaltools.gnu-tools-for-stm32.12.3.rel1.win32_1.0.100.202403111256/tools/bin/../lib/gcc/arm-none-eabi/12.3.1/../../../../arm-none-eabi/lib/thumb/v7e-m+fp/hard\libc_nano.a(libc_a-makebuf.o)
 .ARM.attributes